Archive member included to satisfy reference by file (symbol)

c:/st/stm32cubeide_1.7.0/stm32cubeide/plugins/com.st.stm32cube.ide.mcu.externaltools.gnu-tools-for-stm32.9-2020-q2-update.win32_2.0.0.202105311346/tools/bin/../lib/gcc/arm-none-eabi/9.3.1/../../../../arm-none-eabi/lib/thumb/v7-m/nofp\libc_nano.a(lib_a-errno.o)
                              ./Core/Src/syscalls.o (__errno)
c:/st/stm32cubeide_1.7.0/stm32cubeide/plugins/com.st.stm32cube.ide.mcu.externaltools.gnu-tools-for-stm32.9-2020-q2-update.win32_2.0.0.202105311346/tools/bin/../lib/gcc/arm-none-eabi/9.3.1/../../../../arm-none-eabi/lib/thumb/v7-m/nofp\libc_nano.a(lib_a-exit.o)
                              c:/st/stm32cubeide_1.7.0/stm32cubeide/plugins/com.st.stm32cube.ide.mcu.externaltools.gnu-tools-for-stm32.9-2020-q2-update.win32_2.0.0.202105311346/tools/bin/../lib/gcc/arm-none-eabi/9.3.1/../../../../arm-none-eabi/lib/thumb/v7-m/nofp/crt0.o (exit)
c:/st/stm32cubeide_1.7.0/stm32cubeide/plugins/com.st.stm32cube.ide.mcu.externaltools.gnu-tools-for-stm32.9-2020-q2-update.win32_2.0.0.202105311346/tools/bin/../lib/gcc/arm-none-eabi/9.3.1/../../../../arm-none-eabi/lib/thumb/v7-m/nofp\libc_nano.a(lib_a-impure.o)
                              c:/st/stm32cubeide_1.7.0/stm32cubeide/plugins/com.st.stm32cube.ide.mcu.externaltools.gnu-tools-for-stm32.9-2020-q2-update.win32_2.0.0.202105311346/tools/bin/../lib/gcc/arm-none-eabi/9.3.1/../../../../arm-none-eabi/lib/thumb/v7-m/nofp\libc_nano.a(lib_a-exit.o) (_global_impure_ptr)
c:/st/stm32cubeide_1.7.0/stm32cubeide/plugins/com.st.stm32cube.ide.mcu.externaltools.gnu-tools-for-stm32.9-2020-q2-update.win32_2.0.0.202105311346/tools/bin/../lib/gcc/arm-none-eabi/9.3.1/../../../../arm-none-eabi/lib/thumb/v7-m/nofp\libc_nano.a(lib_a-init.o)
                              c:/st/stm32cubeide_1.7.0/stm32cubeide/plugins/com.st.stm32cube.ide.mcu.externaltools.gnu-tools-for-stm32.9-2020-q2-update.win32_2.0.0.202105311346/tools/bin/../lib/gcc/arm-none-eabi/9.3.1/../../../../arm-none-eabi/lib/thumb/v7-m/nofp/crt0.o (__libc_init_array)
c:/st/stm32cubeide_1.7.0/stm32cubeide/plugins/com.st.stm32cube.ide.mcu.externaltools.gnu-tools-for-stm32.9-2020-q2-update.win32_2.0.0.202105311346/tools/bin/../lib/gcc/arm-none-eabi/9.3.1/../../../../arm-none-eabi/lib/thumb/v7-m/nofp\libc_nano.a(lib_a-malloc.o)
                              ./Core/Src/u_i_timer.o (malloc)
c:/st/stm32cubeide_1.7.0/stm32cubeide/plugins/com.st.stm32cube.ide.mcu.externaltools.gnu-tools-for-stm32.9-2020-q2-update.win32_2.0.0.202105311346/tools/bin/../lib/gcc/arm-none-eabi/9.3.1/../../../../arm-none-eabi/lib/thumb/v7-m/nofp\libc_nano.a(lib_a-memset.o)
                              c:/st/stm32cubeide_1.7.0/stm32cubeide/plugins/com.st.stm32cube.ide.mcu.externaltools.gnu-tools-for-stm32.9-2020-q2-update.win32_2.0.0.202105311346/tools/bin/../lib/gcc/arm-none-eabi/9.3.1/../../../../arm-none-eabi/lib/thumb/v7-m/nofp/crt0.o (memset)
c:/st/stm32cubeide_1.7.0/stm32cubeide/plugins/com.st.stm32cube.ide.mcu.externaltools.gnu-tools-for-stm32.9-2020-q2-update.win32_2.0.0.202105311346/tools/bin/../lib/gcc/arm-none-eabi/9.3.1/../../../../arm-none-eabi/lib/thumb/v7-m/nofp\libc_nano.a(lib_a-nano-freer.o)
                              c:/st/stm32cubeide_1.7.0/stm32cubeide/plugins/com.st.stm32cube.ide.mcu.externaltools.gnu-tools-for-stm32.9-2020-q2-update.win32_2.0.0.202105311346/tools/bin/../lib/gcc/arm-none-eabi/9.3.1/../../../../arm-none-eabi/lib/thumb/v7-m/nofp\libc_nano.a(lib_a-malloc.o) (_free_r)
c:/st/stm32cubeide_1.7.0/stm32cubeide/plugins/com.st.stm32cube.ide.mcu.externaltools.gnu-tools-for-stm32.9-2020-q2-update.win32_2.0.0.202105311346/tools/bin/../lib/gcc/arm-none-eabi/9.3.1/../../../../arm-none-eabi/lib/thumb/v7-m/nofp\libc_nano.a(lib_a-nano-mallocr.o)
                              c:/st/stm32cubeide_1.7.0/stm32cubeide/plugins/com.st.stm32cube.ide.mcu.externaltools.gnu-tools-for-stm32.9-2020-q2-update.win32_2.0.0.202105311346/tools/bin/../lib/gcc/arm-none-eabi/9.3.1/../../../../arm-none-eabi/lib/thumb/v7-m/nofp\libc_nano.a(lib_a-malloc.o) (_malloc_r)
c:/st/stm32cubeide_1.7.0/stm32cubeide/plugins/com.st.stm32cube.ide.mcu.externaltools.gnu-tools-for-stm32.9-2020-q2-update.win32_2.0.0.202105311346/tools/bin/../lib/gcc/arm-none-eabi/9.3.1/../../../../arm-none-eabi/lib/thumb/v7-m/nofp\libc_nano.a(lib_a-sbrkr.o)
                              c:/st/stm32cubeide_1.7.0/stm32cubeide/plugins/com.st.stm32cube.ide.mcu.externaltools.gnu-tools-for-stm32.9-2020-q2-update.win32_2.0.0.202105311346/tools/bin/../lib/gcc/arm-none-eabi/9.3.1/../../../../arm-none-eabi/lib/thumb/v7-m/nofp\libc_nano.a(lib_a-nano-mallocr.o) (_sbrk_r)
c:/st/stm32cubeide_1.7.0/stm32cubeide/plugins/com.st.stm32cube.ide.mcu.externaltools.gnu-tools-for-stm32.9-2020-q2-update.win32_2.0.0.202105311346/tools/bin/../lib/gcc/arm-none-eabi/9.3.1/../../../../arm-none-eabi/lib/thumb/v7-m/nofp\libc_nano.a(lib_a-sprintf.o)
                              ./Core/Src/u_i_uart.o (sprintf)
[...]
Memory Configuration

Name             Origin             Length             Attributes
RAM              0x0000000020000000 0x0000000000005000 xrw
FLASH            0x0000000008000000 0x0000000000020000 xr
*default*        0x0000000000000000 0xffffffffffffffff

Linker script and memory map

LOAD c:/st/stm32cubeide_1.7.0/stm32cubeide/plugins/com.st.stm32cube.ide.mcu.externaltools.gnu-tools-for-stm32.9-2020-q2-update.win32_2.0.0.202105311346/tools/bin/../lib/gcc/arm-none-eabi/9.3.1/thumb/v7-m/nofp/crti.o
LOAD c:/st/stm32cubeide_1.7.0/stm32cubeide/plugins/com.st.stm32cube.ide.mcu.externaltools.gnu-tools-for-stm32.9-2020-q2-update.win32_2.0.0.202105311346/tools/bin/../lib/gcc/arm-none-eabi/9.3.1/thumb/v7-m/nofp/crtbegin.o
LOAD c:/st/stm32cubeide_1.7.0/stm32cubeide/plugins/com.st.stm32cube.ide.mcu.externaltools.gnu-tools-for-stm32.9-2020-q2-update.win32_2.0.0.202105311346/tools/bin/../lib/gcc/arm-none-eabi/9.3.1/../../../../arm-none-eabi/lib/thumb/v7-m/nofp/crt0.o
LOAD ./Core/Src/main.o
LOAD ./Core/Src/stm32f1xx_hal_msp.o
LOAD ./Core/Src/stm32f1xx_it.o
LOAD ./Core/Src/syscalls.o
LOAD ./Core/Src/sysmem.o
LOAD ./Core/Src/system_stm32f1xx.o
LOAD ./Core/Src/u_fsm_pedestrian.o
LOAD ./Core/Src/u_fsm_traffic.o
LOAD ./Core/Src/u_global.o
LOAD ./Core/Src/u_i_button.o
LOAD ./Core/Src/u_i_buzzer.o
LOAD ./Core/Src/u_i_duration.o
LOAD ./Core/Src/u_i_led.o
LOAD ./Core/Src/u_i_timer.o
LOAD ./Core/Src/u_i_uart.o
LOAD ./Core/Src/u_test_IO.o
LOAD ./Core/Startup/startup_stm32f103rbtx.o
LOAD ./Drivers/STM32F1xx_HAL_Driver/Src/stm32f1xx_hal.o
LOAD ./Drivers/STM32F1xx_HAL_Driver/Src/stm32f1xx_hal_cortex.o
LOAD ./Drivers/STM32F1xx_HAL_Driver/Src/stm32f1xx_hal_dma.o
LOAD ./Drivers/STM32F1xx_HAL_Driver/Src/stm32f1xx_hal_exti.o
LOAD ./Drivers/STM32F1xx_HAL_Driver/Src/stm32f1xx_hal_flash.o
LOAD ./Drivers/STM32F1xx_HAL_Driver/Src/stm32f1xx_hal_flash_ex.o
LOAD ./Drivers/STM32F1xx_HAL_Driver/Src/stm32f1xx_hal_gpio.o
LOAD ./Drivers/STM32F1xx_HAL_Driver/Src/stm32f1xx_hal_gpio_ex.o
LOAD ./Drivers/STM32F1xx_HAL_Driver/Src/stm32f1xx_hal_pwr.o
LOAD ./Drivers/STM32F1xx_HAL_Driver/Src/stm32f1xx_hal_rcc.o
LOAD ./Drivers/STM32F1xx_HAL_Driver/Src/stm32f1xx_hal_rcc_ex.o
LOAD ./Drivers/STM32F1xx_HAL_Driver/Src/stm32f1xx_hal_tim.o
LOAD ./Drivers/STM32F1xx_HAL_Driver/Src/stm32f1xx_hal_tim_ex.o
LOAD ./Drivers/STM32F1xx_HAL_Driver/Src/stm32f1xx_hal_uart.o
START GROUP
LOAD c:/st/stm32cubeide_1.7.0/stm32cubeide/plugins/com.st.stm32cube.ide.mcu.externaltools.gnu-tools-for-stm32.9-2020-q2-update.win32_2.0.0.202105311346/tools/bin/../lib/gcc/arm-none-eabi/9.3.1/../../../../arm-none-eabi/lib/thumb/v7-m/nofp\libc_nano.a
LOAD c:/st/stm32cubeide_1.7.0/stm32cubeide/plugins/com.st.stm32cube.ide.mcu.externaltools.gnu-tools-for-stm32.9-2020-q2-update.win32_2.0.0.202105311346/tools/bin/../lib/gcc/arm-none-eabi/9.3.1/../../../../arm-none-eabi/lib/thumb/v7-m/nofp\libm.a
END GROUP
START GROUP
LOAD c:/st/stm32cubeide_1.7.0/stm32cubeide/plugins/com.st.stm32cube.ide.mcu.externaltools.gnu-tools-for-stm32.9-2020-q2-update.win32_2.0.0.202105311346/tools/bin/../lib/gcc/arm-none-eabi/9.3.1/thumb/v7-m/nofp\libgcc.a
LOAD c:/st/stm32cubeide_1.7.0/stm32cubeide/plugins/com.st.stm32cube.ide.mcu.externaltools.gnu-tools-for-stm32.9-2020-q2-update.win32_2.0.0.202105311346/tools/bin/../lib/gcc/arm-none-eabi/9.3.1/../../../../arm-none-eabi/lib/thumb/v7-m/nofp\libc_nano.a
END GROUP
START GROUP
LOAD c:/st/stm32cubeide_1.7.0/stm32cubeide/plugins/com.st.stm32cube.ide.mcu.externaltools.gnu-tools-for-stm32.9-2020-q2-update.win32_2.0.0.202105311346/tools/bin/../lib/gcc/arm-none-eabi/9.3.1/thumb/v7-m/nofp\libgcc.a
LOAD c:/st/stm32cubeide_1.7.0/stm32cubeide/plugins/com.st.stm32cube.ide.mcu.externaltools.gnu-tools-for-stm32.9-2020-q2-update.win32_2.0.0.202105311346/tools/bin/../lib/gcc/arm-none-eabi/9.3.1/../../../../arm-none-eabi/lib/thumb/v7-m/nofp\libc_nano.a
LOAD c:/st/stm32cubeide_1.7.0/stm32cubeide/plugins/com.st.stm32cube.ide.mcu.externaltools.gnu-tools-for-stm32.9-2020-q2-update.win32_2.0.0.202105311346/tools/bin/../lib/gcc/arm-none-eabi/9.3.1/../../../../arm-none-eabi/lib/thumb/v7-m/nofp\libnosys.a
END GROUP
START GROUP
LOAD c:/st/stm32cubeide_1.7.0/stm32cubeide/plugins/com.st.stm32cube.ide.mcu.externaltools.gnu-tools-for-stm32.9-2020-q2-update.win32_2.0.0.202105311346/tools/bin/../lib/gcc/arm-none-eabi/9.3.1/thumb/v7-m/nofp\libgcc.a
LOAD c:/st/stm32cubeide_1.7.0/stm32cubeide/plugins/com.st.stm32cube.ide.mcu.externaltools.gnu-tools-for-stm32.9-2020-q2-update.win32_2.0.0.202105311346/tools/bin/../lib/gcc/arm-none-eabi/9.3.1/../../../../arm-none-eabi/lib/thumb/v7-m/nofp\libc_nano.a
LOAD c:/st/stm32cubeide_1.7.0/stm32cubeide/plugins/com.st.stm32cube.ide.mcu.externaltools.gnu-tools-for-stm32.9-2020-q2-update.win32_2.0.0.202105311346/tools/bin/../lib/gcc/arm-none-eabi/9.3.1/../../../../arm-none-eabi/lib/thumb/v7-m/nofp\libnosys.a
END GROUP
LOAD c:/st/stm32cubeide_1.7.0/stm32cubeide/plugins/com.st.stm32cube.ide.mcu.externaltools.gnu-tools-for-stm32.9-2020-q2-update.win32_2.0.0.202105311346/tools/bin/../lib/gcc/arm-none-eabi/9.3.1/thumb/v7-m/nofp/crtend.o
LOAD c:/st/stm32cubeide_1.7.0/stm32cubeide/plugins/com.st.stm32cube.ide.mcu.externaltools.gnu-tools-for-stm32.9-2020-q2-update.win32_2.0.0.202105311346/tools/bin/../lib/gcc/arm-none-eabi/9.3.1/thumb/v7-m/nofp/crtn.o
                0x0000000020005000                _estack = (ORIGIN (RAM) + LENGTH (RAM))
                0x0000000000000200                _Min_Heap_Size = 0x200
                0x0000000000000400                _Min_Stack_Size = 0x400

.isr_vector     0x0000000008000000      0x10c
                0x0000000008000000                . = ALIGN (0x4)
 *(.isr_vector)
 .isr_vector    0x0000000008000000      0x10c ./Core/Startup/startup_stm32f103rbtx.o
                0x0000000008000000                g_pfnVectors
                0x000000000800010c                . = ALIGN (0x4)

.text           0x000000000800010c     0x4268
                0x000000000800010c                . = ALIGN (0x4)
 *(.text)
 .text          0x000000000800010c       0x40 c:/st/stm32cubeide_1.7.0/stm32cubeide/plugins/com.st.stm32cube.ide.mcu.externaltools.gnu-tools-for-stm32.9-2020-q2-update.win32_2.0.0.202105311346/tools/bin/../lib/gcc/arm-none-eabi/9.3.1/thumb/v7-m/nofp/crtbegin.o
 *(.text*)
 .text.main     0x000000000800014c       0x38 ./Core/Src/main.o
                0x000000000800014c                main
 .text.SystemClock_Config
                0x0000000008000184       0x82 ./Core/Src/main.o
                0x0000000008000184                SystemClock_Config
 *fill*         0x0000000008000206        0x2 
 .text.MX_TIM2_Init
                0x0000000008000208       0x98 ./Core/Src/main.o
 .text.MX_TIM3_Init
                0x00000000080002a0       0xb4 ./Core/Src/main.o
 .text.MX_USART2_UART_Init
                0x0000000008000354       0x54 ./Core/Src/main.o
 .text.MX_GPIO_Init
                0x00000000080003a8      0x140 ./Core/Src/main.o
 .text.HAL_TIM_PeriodElapsedCallback
                0x00000000080004e8       0x1c ./Core/Src/main.o
                0x00000000080004e8                HAL_TIM_PeriodElapsedCallback
 .text.Error_Handler
                0x0000000008000504        0xa ./Core/Src/main.o
                0x0000000008000504                Error_Handler
 *fill*         0x000000000800050e        0x2 
 .text.HAL_MspInit
                0x0000000008000510       0x64 ./Core/Src/stm32f1xx_hal_msp.o
                0x0000000008000510                HAL_MspInit
 .text.HAL_TIM_Base_MspInit
                0x0000000008000574       0x48 ./Core/Src/stm32f1xx_hal_msp.o
                0x0000000008000574                HAL_TIM_Base_MspInit
 .text.HAL_TIM_PWM_MspInit
                0x00000000080005bc       0x3c ./Core/Src/stm32f1xx_hal_msp.o
                0x00000000080005bc                HAL_TIM_PWM_MspInit
 .text.HAL_TIM_MspPostInit
                0x00000000080005f8       0x64 ./Core/Src/stm32f1xx_hal_msp.o
                0x00000000080005f8                HAL_TIM_MspPostInit
 .text.HAL_UART_MspInit
                0x000000000800065c       0x7c ./Core/Src/stm32f1xx_hal_msp.o
                0x000000000800065c                HAL_UART_MspInit
 .text.NMI_Handler
                0x00000000080006d8        0x6 ./Core/Src/stm32f1xx_it.o
                0x00000000080006d8                NMI_Handler
 .text.HardFault_Handler
                0x00000000080006de        0x6 ./Core/Src/stm32f1xx_it.o
                0x00000000080006de                HardFault_Handler
 .text.MemManage_Handler
                0x00000000080006e4        0x6 ./Core/Src/stm32f1xx_it.o
                0x00000000080006e4                MemManage_Handler
 .text.BusFault_Handler
                0x00000000080006ea        0x6 ./Core/Src/stm32f1xx_it.o
                0x00000000080006ea                BusFault_Handler
 .text.UsageFault_Handler
                0x00000000080006f0        0x6 ./Core/Src/stm32f1xx_it.o
                0x00000000080006f0                UsageFault_Handler
 .text.SVC_Handler
                0x00000000080006f6        0xc ./Core/Src/stm32f1xx_it.o
                0x00000000080006f6                SVC_Handler
 .text.DebugMon_Handler
                0x0000000008000702        0xc ./Core/Src/stm32f1xx_it.o
                0x0000000008000702                DebugMon_Handler
 .text.PendSV_Handler
                0x000000000800070e        0xc ./Core/Src/stm32f1xx_it.o
                0x000000000800070e                PendSV_Handler
 .text.SysTick_Handler
                0x000000000800071a        0xc ./Core/Src/stm32f1xx_it.o
                0x000000000800071a                SysTick_Handler
 *fill*         0x0000000008000726        0x2 
 .text.TIM2_IRQHandler
                0x0000000008000728       0x14 ./Core/Src/stm32f1xx_it.o
                0x0000000008000728                TIM2_IRQHandler
 .text.EXTI15_10_IRQHandler
                0x000000000800073c       0x10 ./Core/Src/stm32f1xx_it.o
                0x000000000800073c                EXTI15_10_IRQHandler
 .text._sbrk    0x000000000800074c       0x6c ./Core/Src/sysmem.o
                0x000000000800074c                _sbrk
 .text.SystemInit
                0x00000000080007b8        0xc ./Core/Src/system_stm32f1xx.o
                0x00000000080007b8                SystemInit
 .text.pedestrian_send_duration
                0x00000000080007c4       0x40 ./Core/Src/u_fsm_pedestrian.o
                0x00000000080007c4                pedestrian_send_duration
 .text.pedestrian_active_fsm
                0x0000000008000804      0x120 ./Core/Src/u_fsm_pedestrian.o
                0x0000000008000804                pedestrian_active_fsm
 .text.pedestrian_fsm
                0x0000000008000924       0xa8 ./Core/Src/u_fsm_pedestrian.o
                0x0000000008000924                pedestrian_fsm
 .text.traffic_init
                0x00000000080009cc       0x40 ./Core/Src/u_fsm_traffic.o
                0x00000000080009cc                traffic_init
 .text.traffic_send_duration
                0x0000000008000a0c       0x48 ./Core/Src/u_fsm_traffic.o
                0x0000000008000a0c                traffic_send_duration
 .text.traffic_auto_fsm_A
                0x0000000008000a54      0x118 ./Core/Src/u_fsm_traffic.o
                0x0000000008000a54                traffic_auto_fsm_A
 .text.traffic_auto_fsm_B
                0x0000000008000b6c       0xcc ./Core/Src/u_fsm_traffic.o
                0x0000000008000b6c                traffic_auto_fsm_B
 .text.traffic_manual_fsm
                0x0000000008000c38       0xdc ./Core/Src/u_fsm_traffic.o
                0x0000000008000c38                traffic_manual_fsm
 .text.duration_inc
                0x0000000008000d14       0x54 ./Core/Src/u_fsm_traffic.o
                0x0000000008000d14                duration_inc
 .text.traffic_set_fsm
                0x0000000008000d68      0x18c ./Core/Src/u_fsm_traffic.o
                0x0000000008000d68                traffic_set_fsm
 .text.traffic_fsm
                0x0000000008000ef4      0x208 ./Core/Src/u_fsm_traffic.o
                0x0000000008000ef4                traffic_fsm
 .text.global_get_totalDuration
                0x00000000080010fc       0x20 ./Core/Src/u_global.o
                0x00000000080010fc                global_get_totalDuration
 .text.button_reading
                0x000000000800111c      0x188 ./Core/Src/u_i_button.o
                0x000000000800111c                button_reading
 .text.subKeyProcess
                0x00000000080012a4       0x54 ./Core/Src/u_i_button.o
                0x00000000080012a4                subKeyProcess
 .text.button_isPressed
                0x00000000080012f8       0x34 ./Core/Src/u_i_button.o
                0x00000000080012f8                button_isPressed
 .text.button_isLongPressed
                0x000000000800132c       0x28 ./Core/Src/u_i_button.o
                0x000000000800132c                button_isLongPressed
 .text.buzzer_modify_volume
                0x0000000008001354       0x20 ./Core/Src/u_i_buzzer.o
                0x0000000008001354                buzzer_modify_volume
 .text.buzzer_turn_on
                0x0000000008001374        0xe ./Core/Src/u_i_buzzer.o
                0x0000000008001374                buzzer_turn_on
 .text.buzzer_turn_off
                0x0000000008001382        0xe ./Core/Src/u_i_buzzer.o
                0x0000000008001382                buzzer_turn_off
 .text.buzzer_blinky
                0x0000000008001390       0x20 ./Core/Src/u_i_buzzer.o
                0x0000000008001390                buzzer_blinky
 .text.duration_set
                0x00000000080013b0       0x30 ./Core/Src/u_i_duration.o
                0x00000000080013b0                duration_set
 .text.duration_get
                0x00000000080013e0       0x6c ./Core/Src/u_i_duration.o
                0x00000000080013e0                duration_get
 .text.duration_run
                0x000000000800144c       0x3c ./Core/Src/u_i_duration.o
                0x000000000800144c                duration_run
 .text.led_clear_all
                0x0000000008001488       0x28 ./Core/Src/u_i_led.o
                0x0000000008001488                led_clear_all
 .text.led_turn_on
                0x00000000080014b0      0x160 ./Core/Src/u_i_led.o
                0x00000000080014b0                led_turn_on
 .text.led_turn_off
                0x0000000008001610       0x78 ./Core/Src/u_i_led.o
                0x0000000008001610                led_turn_off
 .text.led_pedestrian_blinky
                0x0000000008001688       0x30 ./Core/Src/u_i_led.o
                0x0000000008001688                led_pedestrian_blinky
 .text.timer_unit_construct
                0x00000000080016b8       0x3c ./Core/Src/u_i_timer.o
                0x00000000080016b8                timer_unit_construct
 .text.timer_unit_destruct
                0x00000000080016f4       0x16 ./Core/Src/u_i_timer.o
                0x00000000080016f4                timer_unit_destruct
 *fill*         0x000000000800170a        0x2 
 .text.timer_list_add
                0x000000000800170c       0xf0 ./Core/Src/u_i_timer.o
                0x000000000800170c                timer_list_add
 .text.timer_list_pop
                0x00000000080017fc       0x3c ./Core/Src/u_i_timer.o
                0x00000000080017fc                timer_list_pop
 .text.timer_init
                0x0000000008001838       0x1c ./Core/Src/u_i_timer.o
                0x0000000008001838                timer_init
 .text.timer_run
                0x0000000008001854       0x60 ./Core/Src/u_i_timer.o
                0x0000000008001854                timer_run
 .text.timer_setDuration
                0x00000000080018b4       0x34 ./Core/Src/u_i_timer.o
                0x00000000080018b4                timer_setDuration
 .text.timer_checkFlag
                0x00000000080018e8       0x30 ./Core/Src/u_i_timer.o
                0x00000000080018e8                timer_checkFlag
 .text.timer_clear
                0x0000000008001918       0x98 ./Core/Src/u_i_timer.o
                0x0000000008001918                timer_clear
 .text.uart_send_num
                0x00000000080019b0       0x48 ./Core/Src/u_i_uart.o
                0x00000000080019b0                uart_send_num
 .text.Reset_Handler
                0x00000000080019f8       0x48 ./Core/Startup/startup_stm32f103rbtx.o
                0x00000000080019f8                Reset_Handler
 .text.Default_Handler
                0x0000000008001a40        0x2 ./Core/Startup/startup_stm32f103rbtx.o
                0x0000000008001a40                RTC_Alarm_IRQHandler
                0x0000000008001a40                EXTI2_IRQHandler
                0x0000000008001a40                TIM1_CC_IRQHandler
                0x0000000008001a40                PVD_IRQHandler
                0x0000000008001a40                EXTI3_IRQHandler
                0x0000000008001a40                EXTI0_IRQHandler
                0x0000000008001a40                I2C2_EV_IRQHandler
                0x0000000008001a40                ADC1_2_IRQHandler
                0x0000000008001a40                SPI1_IRQHandler
                0x0000000008001a40                TAMPER_IRQHandler
                0x0000000008001a40                DMA1_Channel4_IRQHandler
                0x0000000008001a40                USART3_IRQHandler
                0x0000000008001a40                RTC_IRQHandler
                0x0000000008001a40                DMA1_Channel7_IRQHandler
                0x0000000008001a40                CAN1_RX1_IRQHandler
                0x0000000008001a40                TIM4_IRQHandler
                0x0000000008001a40                I2C1_EV_IRQHandler
                0x0000000008001a40                DMA1_Channel6_IRQHandler
                0x0000000008001a40                TIM3_IRQHandler
                0x0000000008001a40                RCC_IRQHandler
                0x0000000008001a40                TIM1_TRG_COM_IRQHandler
                0x0000000008001a40                DMA1_Channel1_IRQHandler
                0x0000000008001a40                Default_Handler
                0x0000000008001a40                EXTI9_5_IRQHandler
                0x0000000008001a40                SPI2_IRQHandler
                0x0000000008001a40                DMA1_Channel5_IRQHandler
                0x0000000008001a40                EXTI4_IRQHandler
                0x0000000008001a40                USB_LP_CAN1_RX0_IRQHandler
                0x0000000008001a40                USB_HP_CAN1_TX_IRQHandler
                0x0000000008001a40                DMA1_Channel3_IRQHandler
                0x0000000008001a40                TIM1_UP_IRQHandler
                0x0000000008001a40                WWDG_IRQHandler
                0x0000000008001a40                TIM1_BRK_IRQHandler
                0x0000000008001a40                EXTI1_IRQHandler
                0x0000000008001a40                USART2_IRQHandler
                0x0000000008001a40                I2C2_ER_IRQHandler
                0x0000000008001a40                DMA1_Channel2_IRQHandler
                0x0000000008001a40                CAN1_SCE_IRQHandler
                0x0000000008001a40                FLASH_IRQHandler
                0x0000000008001a40                USART1_IRQHandler
                0x0000000008001a40                I2C1_ER_IRQHandler
                0x0000000008001a40                USBWakeUp_IRQHandler
 *fill*         0x0000000008001a42        0x2 
 .text.HAL_Init
                0x0000000008001a44       0x2c ./Drivers/STM32F1xx_HAL_Driver/Src/stm32f1xx_hal.o
                0x0000000008001a44                HAL_Init
 .text.HAL_InitTick
                0x0000000008001a70       0x60 ./Drivers/STM32F1xx_HAL_Driver/Src/stm32f1xx_hal.o
                0x0000000008001a70                HAL_InitTick
 .text.HAL_IncTick
                0x0000000008001ad0       0x24 ./Drivers/STM32F1xx_HAL_Driver/Src/stm32f1xx_hal.o
                0x0000000008001ad0                HAL_IncTick
 .text.HAL_GetTick
                0x0000000008001af4       0x14 ./Drivers/STM32F1xx_HAL_Driver/Src/stm32f1xx_hal.o
                0x0000000008001af4                HAL_GetTick
 .text.__NVIC_SetPriorityGrouping
                0x0000000008001b08       0x48 ./Drivers/STM32F1xx_HAL_Driver/Src/stm32f1xx_hal_cortex.o
 .text.__NVIC_GetPriorityGrouping
                0x0000000008001b50       0x1c ./Drivers/STM32F1xx_HAL_Driver/Src/stm32f1xx_hal_cortex.o
 .text.__NVIC_EnableIRQ
                0x0000000008001b6c       0x38 ./Drivers/STM32F1xx_HAL_Driver/Src/stm32f1xx_hal_cortex.o
 .text.__NVIC_SetPriority
                0x0000000008001ba4       0x54 ./Drivers/STM32F1xx_HAL_Driver/Src/stm32f1xx_hal_cortex.o
 .text.NVIC_EncodePriority
                0x0000000008001bf8       0x64 ./Drivers/STM32F1xx_HAL_Driver/Src/stm32f1xx_hal_cortex.o
 .text.SysTick_Config
                0x0000000008001c5c       0x44 ./Drivers/STM32F1xx_HAL_Driver/Src/stm32f1xx_hal_cortex.o
 .text.HAL_NVIC_SetPriorityGrouping
                0x0000000008001ca0       0x16 ./Drivers/STM32F1xx_HAL_Driver/Src/stm32f1xx_hal_cortex.o
                0x0000000008001ca0                HAL_NVIC_SetPriorityGrouping
 .text.HAL_NVIC_SetPriority
                0x0000000008001cb6       0x38 ./Drivers/STM32F1xx_HAL_Driver/Src/stm32f1xx_hal_cortex.o
                0x0000000008001cb6                HAL_NVIC_SetPriority
 .text.HAL_NVIC_EnableIRQ
                0x0000000008001cee       0x1c ./Drivers/STM32F1xx_HAL_Driver/Src/stm32f1xx_hal_cortex.o
                0x0000000008001cee                HAL_NVIC_EnableIRQ
 .text.HAL_SYSTICK_Config
                0x0000000008001d0a       0x18 ./Drivers/STM32F1xx_HAL_Driver/Src/stm32f1xx_hal_cortex.o
                0x0000000008001d0a                HAL_SYSTICK_Config
 *fill*         0x0000000008001d22        0x2 
 .text.HAL_GPIO_Init
                0x0000000008001d24      0x308 ./Drivers/STM32F1xx_HAL_Driver/Src/stm32f1xx_hal_gpio.o
                0x0000000008001d24                HAL_GPIO_Init
 .text.HAL_GPIO_ReadPin
                0x000000000800202c       0x2e ./Drivers/STM32F1xx_HAL_Driver/Src/stm32f1xx_hal_gpio.o
                0x000000000800202c                HAL_GPIO_ReadPin
 .text.HAL_GPIO_WritePin
                0x000000000800205a       0x30 ./Drivers/STM32F1xx_HAL_Driver/Src/stm32f1xx_hal_gpio.o
                0x000000000800205a                HAL_GPIO_WritePin
 *fill*         0x000000000800208a        0x2 
 .text.HAL_GPIO_EXTI_IRQHandler
                0x000000000800208c       0x30 ./Drivers/STM32F1xx_HAL_Driver/Src/stm32f1xx_hal_gpio.o
                0x000000000800208c                HAL_GPIO_EXTI_IRQHandler
 .text.HAL_GPIO_EXTI_Callback
                0x00000000080020bc       0x14 ./Drivers/STM32F1xx_HAL_Driver/Src/stm32f1xx_hal_gpio.o
                0x00000000080020bc                HAL_GPIO_EXTI_Callback
 .text.HAL_RCC_OscConfig
                0x00000000080020d0      0x500 ./Drivers/STM32F1xx_HAL_Driver/Src/stm32f1xx_hal_rcc.o
                0x00000000080020d0                HAL_RCC_OscConfig
 .text.HAL_RCC_ClockConfig
                0x00000000080025d0      0x1d4 ./Drivers/STM32F1xx_HAL_Driver/Src/stm32f1xx_hal_rcc.o
                0x00000000080025d0                HAL_RCC_ClockConfig
 .text.HAL_RCC_GetSysClockFreq
                0x00000000080027a4       0xc0 ./Drivers/STM32F1xx_HAL_Driver/Src/stm32f1xx_hal_rcc.o
                0x00000000080027a4                HAL_RCC_GetSysClockFreq
 .text.HAL_RCC_GetHCLKFreq
                0x0000000008002864       0x14 ./Drivers/STM32F1xx_HAL_Driver/Src/stm32f1xx_hal_rcc.o
                0x0000000008002864                HAL_RCC_GetHCLKFreq
 .text.HAL_RCC_GetPCLK1Freq
                0x0000000008002878       0x28 ./Drivers/STM32F1xx_HAL_Driver/Src/stm32f1xx_hal_rcc.o
                0x0000000008002878                HAL_RCC_GetPCLK1Freq
 .text.HAL_RCC_GetPCLK2Freq
                0x00000000080028a0       0x28 ./Drivers/STM32F1xx_HAL_Driver/Src/stm32f1xx_hal_rcc.o
                0x00000000080028a0                HAL_RCC_GetPCLK2Freq
 .text.RCC_Delay
                0x00000000080028c8       0x3c ./Drivers/STM32F1xx_HAL_Driver/Src/stm32f1xx_hal_rcc.o
 .text.HAL_TIM_Base_Init
                0x0000000008002904       0x9e ./Drivers/STM32F1xx_HAL_Driver/Src/stm32f1xx_hal_tim.o
                0x0000000008002904                HAL_TIM_Base_Init
 *fill*         0x00000000080029a2        0x2 
 .text.HAL_TIM_Base_Start_IT
                0x00000000080029a4       0xa4 ./Drivers/STM32F1xx_HAL_Driver/Src/stm32f1xx_hal_tim.o
                0x00000000080029a4                HAL_TIM_Base_Start_IT
 .text.HAL_TIM_PWM_Init
                0x0000000008002a48       0x9e ./Drivers/STM32F1xx_HAL_Driver/Src/stm32f1xx_hal_tim.o
                0x0000000008002a48                HAL_TIM_PWM_Init
 .text.HAL_TIM_IRQHandler
                0x0000000008002ae6      0x210 ./Drivers/STM32F1xx_HAL_Driver/Src/stm32f1xx_hal_tim.o
                0x0000000008002ae6                HAL_TIM_IRQHandler
 *fill*         0x0000000008002cf6        0x2 
 .text.HAL_TIM_PWM_ConfigChannel
                0x0000000008002cf8      0x17c ./Drivers/STM32F1xx_HAL_Driver/Src/stm32f1xx_hal_tim.o
                0x0000000008002cf8                HAL_TIM_PWM_ConfigChannel
 .text.HAL_TIM_ConfigClockSource
                0x0000000008002e74      0x188 ./Drivers/STM32F1xx_HAL_Driver/Src/stm32f1xx_hal_tim.o
                0x0000000008002e74                HAL_TIM_ConfigClockSource
 .text.HAL_TIM_OC_DelayElapsedCallback
                0x0000000008002ffc       0x12 ./Drivers/STM32F1xx_HAL_Driver/Src/stm32f1xx_hal_tim.o
                0x0000000008002ffc                HAL_TIM_OC_DelayElapsedCallback
 .text.HAL_TIM_IC_CaptureCallback
                0x000000000800300e       0x12 ./Drivers/STM32F1xx_HAL_Driver/Src/stm32f1xx_hal_tim.o
                0x000000000800300e                HAL_TIM_IC_CaptureCallback
 .text.HAL_TIM_PWM_PulseFinishedCallback
                0x0000000008003020       0x12 ./Drivers/STM32F1xx_HAL_Driver/Src/stm32f1xx_hal_tim.o
                0x0000000008003020                HAL_TIM_PWM_PulseFinishedCallback
 .text.HAL_TIM_TriggerCallback
                0x0000000008003032       0x12 ./Drivers/STM32F1xx_HAL_Driver/Src/stm32f1xx_hal_tim.o
                0x0000000008003032                HAL_TIM_TriggerCallback
 .text.TIM_Base_SetConfig
                0x0000000008003044       0xc4 ./Drivers/STM32F1xx_HAL_Driver/Src/stm32f1xx_hal_tim.o
                0x0000000008003044                TIM_Base_SetConfig
 .text.TIM_OC1_SetConfig
                0x0000000008003108       0xcc ./Drivers/STM32F1xx_HAL_Driver/Src/stm32f1xx_hal_tim.o
 .text.TIM_OC2_SetConfig
                0x00000000080031d4       0xd4 ./Drivers/STM32F1xx_HAL_Driver/Src/stm32f1xx_hal_tim.o
                0x00000000080031d4                TIM_OC2_SetConfig
 .text.TIM_OC3_SetConfig
                0x00000000080032a8       0xd4 ./Drivers/STM32F1xx_HAL_Driver/Src/stm32f1xx_hal_tim.o
 .text.TIM_OC4_SetConfig
                0x000000000800337c       0x9c ./Drivers/STM32F1xx_HAL_Driver/Src/stm32f1xx_hal_tim.o
 .text.TIM_TI1_ConfigInputStage
                0x0000000008003418       0x5c ./Drivers/STM32F1xx_HAL_Driver/Src/stm32f1xx_hal_tim.o
 .text.TIM_TI2_ConfigInputStage
                0x0000000008003474       0x5e ./Drivers/STM32F1xx_HAL_Driver/Src/stm32f1xx_hal_tim.o
 .text.TIM_ITRx_SetConfig
                0x00000000080034d2       0x34 ./Drivers/STM32F1xx_HAL_Driver/Src/stm32f1xx_hal_tim.o
 .text.TIM_ETR_SetConfig
                0x0000000008003506       0x3e ./Drivers/STM32F1xx_HAL_Driver/Src/stm32f1xx_hal_tim.o
                0x0000000008003506                TIM_ETR_SetConfig
 .text.HAL_TIMEx_MasterConfigSynchronization
                0x0000000008003544       0xbc ./Drivers/STM32F1xx_HAL_Driver/Src/stm32f1xx_hal_tim_ex.o
                0x0000000008003544                HAL_TIMEx_MasterConfigSynchronization
 .text.HAL_TIMEx_CommutCallback
                0x0000000008003600       0x12 ./Drivers/STM32F1xx_HAL_Driver/Src/stm32f1xx_hal_tim_ex.o
                0x0000000008003600                HAL_TIMEx_CommutCallback
 .text.HAL_TIMEx_BreakCallback
                0x0000000008003612       0x12 ./Drivers/STM32F1xx_HAL_Driver/Src/stm32f1xx_hal_tim_ex.o
                0x0000000008003612                HAL_TIMEx_BreakCallback
 .text.HAL_UART_Init
                0x0000000008003624       0x9a ./Drivers/STM32F1xx_HAL_Driver/Src/stm32f1xx_hal_uart.o
                0x0000000008003624                HAL_UART_Init
 .text.HAL_UART_Transmit
                0x00000000080036be      0x124 ./Drivers/STM32F1xx_HAL_Driver/Src/stm32f1xx_hal_uart.o
                0x00000000080036be                HAL_UART_Transmit
 .text.HAL_UART_Receive_IT
                0x00000000080037e2       0x60 ./Drivers/STM32F1xx_HAL_Driver/Src/stm32f1xx_hal_uart.o
                0x00000000080037e2                HAL_UART_Receive_IT
 .text.UART_WaitOnFlagUntilTimeout
                0x0000000008003842       0x94 ./Drivers/STM32F1xx_HAL_Driver/Src/stm32f1xx_hal_uart.o
 .text.UART_Start_Receive_IT
                0x00000000080038d6       0x72 ./Drivers/STM32F1xx_HAL_Driver/Src/stm32f1xx_hal_uart.o
                0x00000000080038d6                UART_Start_Receive_IT
 .text.UART_SetConfig
                0x0000000008003948      0x11c ./Drivers/STM32F1xx_HAL_Driver/Src/stm32f1xx_hal_uart.o
 .text.__errno  0x0000000008003a64        0xc c:/st/stm32cubeide_1.7.0/stm32cubeide/plugins/com.st.stm32cube.ide.mcu.externaltools.gnu-tools-for-stm32.9-2020-q2-update.win32_2.0.0.202105311346/tools/bin/../lib/gcc/arm-none-eabi/9.3.1/../../../../arm-none-eabi/lib/thumb/v7-m/nofp\libc_nano.a(lib_a-errno.o)
                0x0000000008003a64                __errno
 .text.__libc_init_array
                0x0000000008003a70       0x48 c:/st/stm32cubeide_1.7.0/stm32cubeide/plugins/com.st.stm32cube.ide.mcu.externaltools.gnu-tools-for-stm32.9-2020-q2-update.win32_2.0.0.202105311346/tools/bin/../lib/gcc/arm-none-eabi/9.3.1/../../../../arm-none-eabi/lib/thumb/v7-m/nofp\libc_nano.a(lib_a-init.o)
                0x0000000008003a70                __libc_init_array
 .text.malloc   0x0000000008003ab8       0x10 c:/st/stm32cubeide_1.7.0/stm32cubeide/plugins/com.st.stm32cube.ide.mcu.externaltools.gnu-tools-for-stm32.9-2020-q2-update.win32_2.0.0.202105311346/tools/bin/../lib/gcc/arm-none-eabi/9.3.1/../../../../arm-none-eabi/lib/thumb/v7-m/nofp\libc_nano.a(lib_a-malloc.o)
                0x0000000008003ab8                malloc
 .text.free     0x0000000008003ac8       0x10 c:/st/stm32cubeide_1.7.0/stm32cubeide/plugins/com.st.stm32cube.ide.mcu.externaltools.gnu-tools-for-stm32.9-2020-q2-update.win32_2.0.0.202105311346/tools/bin/../lib/gcc/arm-none-eabi/9.3.1/../../../../arm-none-eabi/lib/thumb/v7-m/nofp\libc_nano.a(lib_a-malloc.o)
                0x0000000008003ac8                free
 .text.memset   0x0000000008003ad8       0x10 c:/st/stm32cubeide_1.7.0/stm32cubeide/plugins/com.st.stm32cube.ide.mcu.externaltools.gnu-tools-for-stm32.9-2020-q2-update.win32_2.0.0.202105311346/tools/bin/../lib/gcc/arm-none-eabi/9.3.1/../../../../arm-none-eabi/lib/thumb/v7-m/nofp\libc_nano.a(lib_a-memset.o)
                0x0000000008003ad8                memset
 .text._free_r  0x0000000008003ae8       0x98 c:/st/stm32cubeide_1.7.0/stm32cubeide/plugins/com.st.stm32cube.ide.mcu.externaltools.gnu-tools-for-stm32.9-2020-q2-update.win32_2.0.0.202105311346/tools/bin/../lib/gcc/arm-none-eabi/9.3.1/../../../../arm-none-eabi/lib/thumb/v7-m/nofp\libc_nano.a(lib_a-nano-freer.o)
                0x0000000008003ae8                _free_r
 .text._malloc_r
                0x0000000008003b80       0xb4 c:/st/stm32cubeide_1.7.0/stm32cubeide/plugins/com.st.stm32cube.ide.mcu.externaltools.gnu-tools-for-stm32.9-2020-q2-update.win32_2.0.0.202105311346/tools/bin/../lib/gcc/arm-none-eabi/9.3.1/../../../../arm-none-eabi/lib/thumb/v7-m/nofp\libc_nano.a(lib_a-nano-mallocr.o)
                0x0000000008003b80                _malloc_r
 .text._sbrk_r  0x0000000008003c34       0x20 c:/st/stm32cubeide_1.7.0/stm32cubeide/plugins/com.st.stm32cube.ide.mcu.externaltools.gnu-tools-for-stm32.9-2020-q2-update.win32_2.0.0.202105311346/tools/bin/../lib/gcc/arm-none-eabi/9.3.1/../../../../arm-none-eabi/lib/thumb/v7-m/nofp\libc_nano.a(lib_a-sbrkr.o)
                0x0000000008003c34                _sbrk_r
 .text.sprintf  0x0000000008003c54       0x40 c:/st/stm32cubeide_1.7.0/stm32cubeide/plugins/com.st.stm32cube.ide.mcu.externaltools.gnu-tools-for-stm32.9-2020-q2-update.win32_2.0.0.202105311346/tools/bin/../lib/gcc/arm-none-eabi/9.3.1/../../../../arm-none-eabi/lib/thumb/v7-m/nofp\libc_nano.a(lib_a-sprintf.o)
                0x0000000008003c54                siprintf
                0x0000000008003c54                sprintf
 .text.__malloc_lock
                0x0000000008003c94        0xc c:/st/stm32cubeide_1.7.0/stm32cubeide/plugins/com.st.stm32cube.ide.mcu.externaltools.gnu-tools-for-stm32.9-2020-q2-update.win32_2.0.0.202105311346/tools/bin/../lib/gcc/arm-none-eabi/9.3.1/../../../../arm-none-eabi/lib/thumb/v7-m/nofp\libc_nano.a(lib_a-mlock.o)
                0x0000000008003c94                __malloc_lock
 .text.__malloc_unlock
                0x0000000008003ca0        0xc c:/st/stm32cubeide_1.7.0/stm32cubeide/plugins/com.st.stm32cube.ide.mcu.externaltools.gnu-tools-for-stm32.9-2020-q2-update.win32_2.0.0.202105311346/tools/bin/../lib/gcc/arm-none-eabi/9.3.1/../../../../arm-none-eabi/lib/thumb/v7-m/nofp\libc_nano.a(lib_a-mlock.o)
                0x0000000008003ca0                __malloc_unlock
 .text.__ssputs_r
                0x0000000008003cac       0xb6 c:/st/stm32cubeide_1.7.0/stm32cubeide/plugins/com.st.stm32cube.ide.mcu.externaltools.gnu-tools-for-stm32.9-2020-q2-update.win32_2.0.0.202105311346/tools/bin/../lib/gcc/arm-none-eabi/9.3.1/../../../../arm-none-eabi/lib/thumb/v7-m/nofp\libc_nano.a(lib_a-nano-svfprintf.o)
                0x0000000008003cac                __ssputs_r
 *fill*         0x0000000008003d62        0x2 
 .text._svfprintf_r
                0x0000000008003d64      0x200 c:/st/stm32cubeide_1.7.0/stm32cubeide/plugins/com.st.stm32cube.ide.mcu.externaltools.gnu-tools-for-stm32.9-2020-q2-update.win32_2.0.0.202105311346/tools/bin/../lib/gcc/arm-none-eabi/9.3.1/../../../../arm-none-eabi/lib/thumb/v7-m/nofp\libc_nano.a(lib_a-nano-svfprintf.o)
                0x0000000008003d64                _svfiprintf_r
                0x0000000008003d64                _svfprintf_r
 .text._printf_common
                0x0000000008003f64       0xde c:/st/stm32cubeide_1.7.0/stm32cubeide/plugins/com.st.stm32cube.ide.mcu.externaltools.gnu-tools-for-stm32.9-2020-q2-update.win32_2.0.0.202105311346/tools/bin/../lib/gcc/arm-none-eabi/9.3.1/../../../../arm-none-eabi/lib/thumb/v7-m/nofp\libc_nano.a(lib_a-nano-vfprintf_i.o)
                0x0000000008003f64                _printf_common
 *fill*         0x0000000008004042        0x2 
 .text._printf_i
                0x0000000008004044      0x24c c:/st/stm32cubeide_1.7.0/stm32cubeide/plugins/com.st.stm32cube.ide.mcu.externaltools.gnu-tools-for-stm32.9-2020-q2-update.win32_2.0.0.202105311346/tools/bin/../lib/gcc/arm-none-eabi/9.3.1/../../../../arm-none-eabi/lib/thumb/v7-m/nofp\libc_nano.a(lib_a-nano-vfprintf_i.o)
                0x0000000008004044                _printf_i
 .text.__retarget_lock_acquire_recursive
                0x0000000008004290        0x2 c:/st/stm32cubeide_1.7.0/stm32cubeide/plugins/com.st.stm32cube.ide.mcu.externaltools.gnu-tools-for-stm32.9-2020-q2-update.win32_2.0.0.202105311346/tools/bin/../lib/gcc/arm-none-eabi/9.3.1/../../../../arm-none-eabi/lib/thumb/v7-m/nofp\libc_nano.a(lib_a-lock.o)
                0x0000000008004290                __retarget_lock_acquire_recursive
 .text.__retarget_lock_release_recursive
                0x0000000008004292        0x2 c:/st/stm32cubeide_1.7.0/stm32cubeide/plugins/com.st.stm32cube.ide.mcu.externaltools.gnu-tools-for-stm32.9-2020-q2-update.win32_2.0.0.202105311346/tools/bin/../lib/gcc/arm-none-eabi/9.3.1/../../../../arm-none-eabi/lib/thumb/v7-m/nofp\libc_nano.a(lib_a-lock.o)
                0x0000000008004292                __retarget_lock_release_recursive
 .text.memchr   0x0000000008004294       0x1c c:/st/stm32cubeide_1.7.0/stm32cubeide/plugins/com.st.stm32cube.ide.mcu.externaltools.gnu-tools-for-stm32.9-2020-q2-update.win32_2.0.0.202105311346/tools/bin/../lib/gcc/arm-none-eabi/9.3.1/../../../../arm-none-eabi/lib/thumb/v7-m/nofp\libc_nano.a(lib_a-memchr-stub.o)
                0x0000000008004294                memchr
 .text.memcpy   0x00000000080042b0       0x1c c:/st/stm32cubeide_1.7.0/stm32cubeide/plugins/com.st.stm32cube.ide.mcu.externaltools.gnu-tools-for-stm32.9-2020-q2-update.win32_2.0.0.202105311346/tools/bin/../lib/gcc/arm-none-eabi/9.3.1/../../../../arm-none-eabi/lib/thumb/v7-m/nofp\libc_nano.a(lib_a-memcpy-stub.o)
                0x00000000080042b0                memcpy
 .text.memmove  0x00000000080042cc       0x34 c:/st/stm32cubeide_1.7.0/stm32cubeide/plugins/com.st.stm32cube.ide.mcu.externaltools.gnu-tools-for-stm32.9-2020-q2-update.win32_2.0.0.202105311346/tools/bin/../lib/gcc/arm-none-eabi/9.3.1/../../../../arm-none-eabi/lib/thumb/v7-m/nofp\libc_nano.a(lib_a-memmove.o)
                0x00000000080042cc                memmove
 .text._realloc_r
                0x0000000008004300       0x4c c:/st/stm32cubeide_1.7.0/stm32cubeide/plugins/com.st.stm32cube.ide.mcu.externaltools.gnu-tools-for-stm32.9-2020-q2-update.win32_2.0.0.202105311346/tools/bin/../lib/gcc/arm-none-eabi/9.3.1/../../../../arm-none-eabi/lib/thumb/v7-m/nofp\libc_nano.a(lib_a-nano-reallocr.o)
                0x0000000008004300                _realloc_r
 .text._malloc_usable_size_r
                0x000000000800434c       0x10 c:/st/stm32cubeide_1.7.0/stm32cubeide/plugins/com.st.stm32cube.ide.mcu.externaltools.gnu-tools-for-stm32.9-2020-q2-update.win32_2.0.0.202105311346/tools/bin/../lib/gcc/arm-none-eabi/9.3.1/../../../../arm-none-eabi/lib/thumb/v7-m/nofp\libc_nano.a(lib_a-nano-msizer.o)
                0x000000000800434c                _malloc_usable_size_r
 *(.glue_7)
 .glue_7        0x000000000800435c        0x0 linker stubs
 *(.glue_7t)
 .glue_7t       0x000000000800435c        0x0 linker stubs
 *(.eh_frame)
 .eh_frame      0x000000000800435c        0x0 c:/st/stm32cubeide_1.7.0/stm32cubeide/plugins/com.st.stm32cube.ide.mcu.externaltools.gnu-tools-for-stm32.9-2020-q2-update.win32_2.0.0.202105311346/tools/bin/../lib/gcc/arm-none-eabi/9.3.1/thumb/v7-m/nofp/crtbegin.o
 *(.init)
 .init          0x000000000800435c        0x4 c:/st/stm32cubeide_1.7.0/stm32cubeide/plugins/com.st.stm32cube.ide.mcu.externaltools.gnu-tools-for-stm32.9-2020-q2-update.win32_2.0.0.202105311346/tools/bin/../lib/gcc/arm-none-eabi/9.3.1/thumb/v7-m/nofp/crti.o
                0x000000000800435c                _init
 .init          0x0000000008004360        0x8 c:/st/stm32cubeide_1.7.0/stm32cubeide/plugins/com.st.stm32cube.ide.mcu.externaltools.gnu-tools-for-stm32.9-2020-q2-update.win32_2.0.0.202105311346/tools/bin/../lib/gcc/arm-none-eabi/9.3.1/thumb/v7-m/nofp/crtn.o
 *(.fini)
 .fini          0x0000000008004368        0x4 c:/st/stm32cubeide_1.7.0/stm32cubeide/plugins/com.st.stm32cube.ide.mcu.externaltools.gnu-tools-for-stm32.9-2020-q2-update.win32_2.0.0.202105311346/tools/bin/../lib/gcc/arm-none-eabi/9.3.1/thumb/v7-m/nofp/crti.o
                0x0000000008004368                _fini
 .fini          0x000000000800436c        0x8 c:/st/stm32cubeide_1.7.0/stm32cubeide/plugins/com.st.stm32cube.ide.mcu.externaltools.gnu-tools-for-stm32.9-2020-q2-update.win32_2.0.0.202105311346/tools/bin/../lib/gcc/arm-none-eabi/9.3.1/thumb/v7-m/nofp/crtn.o
                0x0000000008004374                . = ALIGN (0x4)
                0x0000000008004374                _etext = .

.vfp11_veneer   0x0000000008004374        0x0
 .vfp11_veneer  0x0000000008004374        0x0 linker stubs

.v4_bx          0x0000000008004374        0x0
 .v4_bx         0x0000000008004374        0x0 linker stubs

.iplt           0x0000000008004374        0x0
 .iplt          0x0000000008004374        0x0 c:/st/stm32cubeide_1.7.0/stm32cubeide/plugins/com.st.stm32cube.ide.mcu.externaltools.gnu-tools-for-stm32.9-2020-q2-update.win32_2.0.0.202105311346/tools/bin/../lib/gcc/arm-none-eabi/9.3.1/thumb/v7-m/nofp/crtbegin.o

.rodata         0x0000000008004374       0xa4
                0x0000000008004374                . = ALIGN (0x4)
 *(.rodata)
 .rodata        0x0000000008004374       0x16 ./Core/Src/u_fsm_pedestrian.o
 *fill*         0x000000000800438a        0x2 
 .rodata        0x000000000800438c       0x13 ./Core/Src/u_fsm_traffic.o
 *fill*         0x000000000800439f        0x1 
 .rodata        0x00000000080043a0       0x1c ./Core/Src/u_i_uart.o
 .rodata        0x00000000080043bc       0x10 ./Drivers/STM32F1xx_HAL_Driver/Src/stm32f1xx_hal_rcc.o
 *(.rodata*)
 .rodata.AHBPrescTable
                0x00000000080043cc       0x10 ./Core/Src/system_stm32f1xx.o
                0x00000000080043cc                AHBPrescTable
 .rodata.APBPrescTable
                0x00000000080043dc        0x8 ./Core/Src/system_stm32f1xx.o
                0x00000000080043dc                APBPrescTable
 .rodata._svfprintf_r.str1.1
                0x00000000080043e4       0x11 c:/st/stm32cubeide_1.7.0/stm32cubeide/plugins/com.st.stm32cube.ide.mcu.externaltools.gnu-tools-for-stm32.9-2020-q2-update.win32_2.0.0.202105311346/tools/bin/../lib/gcc/arm-none-eabi/9.3.1/../../../../arm-none-eabi/lib/thumb/v7-m/nofp\libc_nano.a(lib_a-nano-svfprintf.o)
 .rodata._printf_i.str1.1
                0x00000000080043f5       0x22 c:/st/stm32cubeide_1.7.0/stm32cubeide/plugins/com.st.stm32cube.ide.mcu.externaltools.gnu-tools-for-stm32.9-2020-q2-update.win32_2.0.0.202105311346/tools/bin/../lib/gcc/arm-none-eabi/9.3.1/../../../../arm-none-eabi/lib/thumb/v7-m/nofp\libc_nano.a(lib_a-nano-vfprintf_i.o)
                0x0000000008004418                . = ALIGN (0x4)
 *fill*         0x0000000008004417        0x1 

.rel.dyn        0x0000000008004418        0x0
 .rel.iplt      0x0000000008004418        0x0 c:/st/stm32cubeide_1.7.0/stm32cubeide/plugins/com.st.stm32cube.ide.mcu.externaltools.gnu-tools-for-stm32.9-2020-q2-update.win32_2.0.0.202105311346/tools/bin/../lib/gcc/arm-none-eabi/9.3.1/thumb/v7-m/nofp/crtbegin.o

.ARM.extab      0x0000000008004418        0x0
                0x0000000008004418                . = ALIGN (0x4)
 *(.ARM.extab* .gnu.linkonce.armextab.*)
                0x0000000008004418                . = ALIGN (0x4)

.ARM            0x0000000008004418        0x0
                0x0000000008004418                . = ALIGN (0x4)
                0x0000000008004418                __exidx_start = .
 *(.ARM.exidx*)
                0x0000000008004418                __exidx_end = .
                0x0000000008004418                . = ALIGN (0x4)

.preinit_array  0x0000000008004418        0x0
                0x0000000008004418                . = ALIGN (0x4)
                0x0000000008004418                PROVIDE (__preinit_array_start = .)
 *(.preinit_array*)
                0x0000000008004418                PROVIDE (__preinit_array_end = .)
                0x0000000008004418                . = ALIGN (0x4)

.init_array     0x0000000008004418        0x4
                0x0000000008004418                . = ALIGN (0x4)
                0x0000000008004418                PROVIDE (__init_array_start = .)
 *(SORT_BY_NAME(.init_array.*))
 *(.init_array*)
 .init_array    0x0000000008004418        0x4 c:/st/stm32cubeide_1.7.0/stm32cubeide/plugins/com.st.stm32cube.ide.mcu.externaltools.gnu-tools-for-stm32.9-2020-q2-update.win32_2.0.0.202105311346/tools/bin/../lib/gcc/arm-none-eabi/9.3.1/thumb/v7-m/nofp/crtbegin.o
                0x000000000800441c                PROVIDE (__init_array_end = .)
                0x000000000800441c                . = ALIGN (0x4)

.fini_array     0x000000000800441c        0x4
                0x000000000800441c                . = ALIGN (0x4)
                [!provide]                        PROVIDE (__fini_array_start = .)
 *(SORT_BY_NAME(.fini_array.*))
 *(.fini_array*)
 .fini_array    0x000000000800441c        0x4 c:/st/stm32cubeide_1.7.0/stm32cubeide/plugins/com.st.stm32cube.ide.mcu.externaltools.gnu-tools-for-stm32.9-2020-q2-update.win32_2.0.0.202105311346/tools/bin/../lib/gcc/arm-none-eabi/9.3.1/thumb/v7-m/nofp/crtbegin.o
                [!provide]                        PROVIDE (__fini_array_end = .)
                0x0000000008004420                . = ALIGN (0x4)
                0x0000000008004420                _sidata = LOADADDR (.data)

.data           0x0000000020000000       0xcc load address 0x0000000008004420
                0x0000000020000000                . = ALIGN (0x4)
                0x0000000020000000                _sdata = .
 *(.data)
 *(.data*)
 .data.SystemCoreClock
                0x0000000020000000        0x4 ./Core/Src/system_stm32f1xx.o
                0x0000000020000000                SystemCoreClock
 .data.trafficDuration
                0x0000000020000004        0xc ./Core/Src/u_global.o
                0x0000000020000004                trafficDuration
 .data.KeyReg0  0x0000000020000010       0x10 ./Core/Src/u_i_button.o
                0x0000000020000010                KeyReg0
 .data.KeyReg1  0x0000000020000020       0x10 ./Core/Src/u_i_button.o
                0x0000000020000020                KeyReg1
 .data.KeyReg2  0x0000000020000030       0x10 ./Core/Src/u_i_button.o
                0x0000000020000030                KeyReg2
 .data.KeyReg3  0x0000000020000040       0x10 ./Core/Src/u_i_button.o
                0x0000000020000040                KeyReg3
 .data.TimeOutForKeyPress
                0x0000000020000050       0x10 ./Core/Src/u_i_button.o
                0x0000000020000050                TimeOutForKeyPress
 .data.uwTickPrio
                0x0000000020000060        0x4 ./Drivers/STM32F1xx_HAL_Driver/Src/stm32f1xx_hal.o
                0x0000000020000060                uwTickPrio
 .data.uwTickFreq
                0x0000000020000064        0x1 ./Drivers/STM32F1xx_HAL_Driver/Src/stm32f1xx_hal.o
                0x0000000020000064                uwTickFreq
 *fill*         0x0000000020000065        0x3 
 .data._impure_ptr
                0x0000000020000068        0x4 c:/st/stm32cubeide_1.7.0/stm32cubeide/plugins/com.st.stm32cube.ide.mcu.externaltools.gnu-tools-for-stm32.9-2020-q2-update.win32_2.0.0.202105311346/tools/bin/../lib/gcc/arm-none-eabi/9.3.1/../../../../arm-none-eabi/lib/thumb/v7-m/nofp\libc_nano.a(lib_a-impure.o)
                0x0000000020000068                _impure_ptr
 .data.impure_data
                0x000000002000006c       0x60 c:/st/stm32cubeide_1.7.0/stm32cubeide/plugins/com.st.stm32cube.ide.mcu.externaltools.gnu-tools-for-stm32.9-2020-q2-update.win32_2.0.0.202105311346/tools/bin/../lib/gcc/arm-none-eabi/9.3.1/../../../../arm-none-eabi/lib/thumb/v7-m/nofp\libc_nano.a(lib_a-impure.o)
 *(.RamFunc)
 *(.RamFunc*)
                0x00000000200000cc                . = ALIGN (0x4)
                0x00000000200000cc                _edata = .

.igot.plt       0x00000000200000cc        0x0 load address 0x00000000080044ec
 .igot.plt      0x00000000200000cc        0x0 c:/st/stm32cubeide_1.7.0/stm32cubeide/plugins/com.st.stm32cube.ide.mcu.externaltools.gnu-tools-for-stm32.9-2020-q2-update.win32_2.0.0.202105311346/tools/bin/../lib/gcc/arm-none-eabi/9.3.1/thumb/v7-m/nofp/crtbegin.o
                0x00000000200000cc                . = ALIGN (0x4)

.bss            0x00000000200000cc      0x1a4 load address 0x00000000080044ec
                0x00000000200000cc                _sbss = .
                0x00000000200000cc                __bss_start__ = _sbss
 *(.bss)
 .bss           0x00000000200000cc       0x1c c:/st/stm32cubeide_1.7.0/stm32cubeide/plugins/com.st.stm32cube.ide.mcu.externaltools.gnu-tools-for-stm32.9-2020-q2-update.win32_2.0.0.202105311346/tools/bin/../lib/gcc/arm-none-eabi/9.3.1/thumb/v7-m/nofp/crtbegin.o
 *(.bss*)
 .bss.__sbrk_heap_end
                0x00000000200000e8        0x4 ./Core/Src/sysmem.o
 .bss.pd_duration
                0x00000000200000ec        0x4 ./Core/Src/u_fsm_pedestrian.o
                0x00000000200000ec                pd_duration
 .bss.pedestrian_prevDur
                0x00000000200000f0        0x4 ./Core/Src/u_fsm_pedestrian.o
                0x00000000200000f0                pedestrian_prevDur
 .bss.pedestrian_currDur
                0x00000000200000f4        0x4 ./Core/Src/u_fsm_pedestrian.o
                0x00000000200000f4                pedestrian_currDur
 .bss.traffic_prevDur
                0x00000000200000f8        0x4 ./Core/Src/u_fsm_traffic.o
                0x00000000200000f8                traffic_prevDur
 .bss.traffic_currDur
                0x00000000200000fc        0x4 ./Core/Src/u_fsm_traffic.o
                0x00000000200000fc                traffic_currDur
 .bss.global_state
                0x0000000020000100        0x1 ./Core/Src/u_global.o
                0x0000000020000100                global_state
 .bss.auto_A_state
                0x0000000020000101        0x1 ./Core/Src/u_global.o
                0x0000000020000101                auto_A_state
 .bss.auto_B_state
                0x0000000020000102        0x1 ./Core/Src/u_global.o
                0x0000000020000102                auto_B_state
 .bss.manual_state
                0x0000000020000103        0x1 ./Core/Src/u_global.o
                0x0000000020000103                manual_state
 .bss.set_state
                0x0000000020000104        0x1 ./Core/Src/u_global.o
                0x0000000020000104                set_state
 .bss.pd_active_state
                0x0000000020000105        0x1 ./Core/Src/u_global.o
                0x0000000020000105                pd_active_state
 .bss.pd_led_state
                0x0000000020000106        0x1 ./Core/Src/u_global.o
                0x0000000020000106                pd_led_state
 .bss.buzzer_state
                0x0000000020000107        0x1 ./Core/Src/u_global.o
                0x0000000020000107                buzzer_state
 .bss.Over1Sec  0x0000000020000108       0x10 ./Core/Src/u_i_button.o
                0x0000000020000108                Over1Sec
 .bss.flagBtn   0x0000000020000118       0x10 ./Core/Src/u_i_button.o
                0x0000000020000118                flagBtn
 .bss.flagBtnLong
                0x0000000020000128       0x10 ./Core/Src/u_i_button.o
                0x0000000020000128                flagBtnLong
 .bss.timerFlag
                0x0000000020000138        0x6 ./Core/Src/u_i_timer.o
                0x0000000020000138                timerFlag
 *fill*         0x000000002000013e        0x2 
 .bss.__malloc_free_list
                0x0000000020000140        0x4 c:/st/stm32cubeide_1.7.0/stm32cubeide/plugins/com.st.stm32cube.ide.mcu.externaltools.gnu-tools-for-stm32.9-2020-q2-update.win32_2.0.0.202105311346/tools/bin/../lib/gcc/arm-none-eabi/9.3.1/../../../../arm-none-eabi/lib/thumb/v7-m/nofp\libc_nano.a(lib_a-nano-mallocr.o)
                0x0000000020000140                __malloc_free_list
 .bss.__malloc_sbrk_start
                0x0000000020000144        0x4 c:/st/stm32cubeide_1.7.0/stm32cubeide/plugins/com.st.stm32cube.ide.mcu.externaltools.gnu-tools-for-stm32.9-2020-q2-update.win32_2.0.0.202105311346/tools/bin/../lib/gcc/arm-none-eabi/9.3.1/../../../../arm-none-eabi/lib/thumb/v7-m/nofp\libc_nano.a(lib_a-nano-mallocr.o)
                0x0000000020000144                __malloc_sbrk_start
 *(COMMON)
 COMMON         0x0000000020000148       0x7c ./Core/Src/main.o
                0x0000000020000148                durationList
                0x0000000020000150                rx_data
                0x0000000020000154                htim2
                0x000000002000019c                tx_data
 COMMON         0x00000000200001c4        0x1 ./Core/Src/u_fsm_pedestrian.o
                0x00000000200001c4                pd_state
 *fill*         0x00000000200001c5        0x3 
 COMMON         0x00000000200001c8       0x48 ./Core/Src/u_i_buzzer.o
                0x00000000200001c8                htim3
 COMMON         0x0000000020000210        0x8 ./Core/Src/u_i_timer.o
                0x0000000020000210                timerList
 COMMON         0x0000000020000218       0x44 ./Core/Src/u_i_uart.o
                0x0000000020000218                huart2
 COMMON         0x000000002000025c        0x4 ./Drivers/STM32F1xx_HAL_Driver/Src/stm32f1xx_hal.o
                0x000000002000025c                uwTick
 COMMON         0x0000000020000260        0x4 c:/st/stm32cubeide_1.7.0/stm32cubeide/plugins/com.st.stm32cube.ide.mcu.externaltools.gnu-tools-for-stm32.9-2020-q2-update.win32_2.0.0.202105311346/tools/bin/../lib/gcc/arm-none-eabi/9.3.1/../../../../arm-none-eabi/lib/thumb/v7-m/nofp\libc_nano.a(lib_a-reent.o)
                0x0000000020000260                errno
 COMMON         0x0000000020000264        0x9 c:/st/stm32cubeide_1.7.0/stm32cubeide/plugins/com.st.stm32cube.ide.mcu.externaltools.gnu-tools-for-stm32.9-2020-q2-update.win32_2.0.0.202105311346/tools/bin/../lib/gcc/arm-none-eabi/9.3.1/../../../../arm-none-eabi/lib/thumb/v7-m/nofp\libc_nano.a(lib_a-lock.o)
                0x0000000020000264                __lock___atexit_recursive_mutex
                0x0000000020000265                __lock___arc4random_mutex
                0x0000000020000266                __lock___env_recursive_mutex
                0x0000000020000267                __lock___sinit_recursive_mutex
                0x0000000020000268                __lock___malloc_recursive_mutex
                0x0000000020000269                __lock___at_quick_exit_mutex
                0x000000002000026a                __lock___dd_hash_mutex
                0x000000002000026b                __lock___tz_mutex
                0x000000002000026c                __lock___sfp_recursive_mutex
                0x0000000020000270                . = ALIGN (0x4)
 *fill*         0x000000002000026d        0x3 
                0x0000000020000270                _ebss = .
                0x0000000020000270                __bss_end__ = _ebss

._user_heap_stack
                0x0000000020000270      0x600 load address 0x00000000080044ec
                0x0000000020000270                . = ALIGN (0x8)
                [!provide]                        PROVIDE (end = .)
                0x0000000020000270                PROVIDE (_end = .)
                0x0000000020000470                . = (. + _Min_Heap_Size)
 *fill*         0x0000000020000270      0x200 
                0x0000000020000870                . = (. + _Min_Stack_Size)
 *fill*         0x0000000020000470      0x400 
                0x0000000020000870                . = ALIGN (0x8)

/DISCARD/
 libc.a(*)
 libm.a(*)
 libgcc.a(*)

.ARM.attributes
                0x0000000000000000       0x29
 *(.ARM.attributes)
 .ARM.attributes
                0x0000000000000000       0x1d c:/st/stm32cubeide_1.7.0/stm32cubeide/plugins/com.st.stm32cube.ide.mcu.externaltools.gnu-tools-for-stm32.9-2020-q2-update.win32_2.0.0.202105311346/tools/bin/../lib/gcc/arm-none-eabi/9.3.1/thumb/v7-m/nofp/crti.o
 .ARM.attributes
                0x000000000000001d       0x2d c:/st/stm32cubeide_1.7.0/stm32cubeide/plugins/com.st.stm32cube.ide.mcu.externaltools.gnu-tools-for-stm32.9-2020-q2-update.win32_2.0.0.202105311346/tools/bin/../lib/gcc/arm-none-eabi/9.3.1/thumb/v7-m/nofp/crtbegin.o
 .ARM.attributes
                0x000000000000004a       0x2d ./Core/Src/main.o
 .ARM.attributes
                0x0000000000000077       0x2d ./Core/Src/stm32f1xx_hal_msp.o
 .ARM.attributes
                0x00000000000000a4       0x2d ./Core/Src/stm32f1xx_it.o
 .ARM.attributes
                0x00000000000000d1       0x2d ./Core/Src/sysmem.o
 .ARM.attributes
                0x00000000000000fe       0x2d ./Core/Src/system_stm32f1xx.o
 .ARM.attributes
                0x000000000000012b       0x2d ./Core/Src/u_fsm_pedestrian.o
 .ARM.attributes
                0x0000000000000158       0x2d ./Core/Src/u_fsm_traffic.o
 .ARM.attributes
                0x0000000000000185       0x2d ./Core/Src/u_global.o
 .ARM.attributes
                0x00000000000001b2       0x2d ./Core/Src/u_i_button.o
 .ARM.attributes
                0x00000000000001df       0x2d ./Core/Src/u_i_buzzer.o
 .ARM.attributes
                0x000000000000020c       0x2d ./Core/Src/u_i_duration.o
 .ARM.attributes
                0x0000000000000239       0x2d ./Core/Src/u_i_led.o
 .ARM.attributes
                0x0000000000000266       0x2d ./Core/Src/u_i_timer.o
 .ARM.attributes
                0x0000000000000293       0x2d ./Core/Src/u_i_uart.o
 .ARM.attributes
                0x00000000000002c0       0x21 ./Core/Startup/startup_stm32f103rbtx.o
 .ARM.attributes
                0x00000000000002e1       0x2d ./Drivers/STM32F1xx_HAL_Driver/Src/stm32f1xx_hal.o
 .ARM.attributes
                0x000000000000030e       0x2d ./Drivers/STM32F1xx_HAL_Driver/Src/stm32f1xx_hal_cortex.o
 .ARM.attributes
                0x000000000000033b       0x2d ./Drivers/STM32F1xx_HAL_Driver/Src/stm32f1xx_hal_gpio.o
 .ARM.attributes
                0x0000000000000368       0x2d ./Drivers/STM32F1xx_HAL_Driver/Src/stm32f1xx_hal_rcc.o
 .ARM.attributes
                0x0000000000000395       0x2d ./Drivers/STM32F1xx_HAL_Driver/Src/stm32f1xx_hal_tim.o
 .ARM.attributes
                0x00000000000003c2       0x2d ./Drivers/STM32F1xx_HAL_Driver/Src/stm32f1xx_hal_tim_ex.o
 .ARM.attributes
                0x00000000000003ef       0x2d ./Drivers/STM32F1xx_HAL_Driver/Src/stm32f1xx_hal_uart.o
 .ARM.attributes
                0x000000000000041c       0x2d c:/st/stm32cubeide_1.7.0/stm32cubeide/plugins/com.st.stm32cube.ide.mcu.externaltools.gnu-tools-for-stm32.9-2020-q2-update.win32_2.0.0.202105311346/tools/bin/../lib/gcc/arm-none-eabi/9.3.1/../../../../arm-none-eabi/lib/thumb/v7-m/nofp\libc_nano.a(lib_a-errno.o)
 .ARM.attributes
                0x0000000000000449       0x2d c:/st/stm32cubeide_1.7.0/stm32cubeide/plugins/com.st.stm32cube.ide.mcu.externaltools.gnu-tools-for-stm32.9-2020-q2-update.win32_2.0.0.202105311346/tools/bin/../lib/gcc/arm-none-eabi/9.3.1/../../../../arm-none-eabi/lib/thumb/v7-m/nofp\libc_nano.a(lib_a-impure.o)
 .ARM.attributes
                0x0000000000000476       0x2d c:/st/stm32cubeide_1.7.0/stm32cubeide/plugins/com.st.stm32cube.ide.mcu.externaltools.gnu-tools-for-stm32.9-2020-q2-update.win32_2.0.0.202105311346/tools/bin/../lib/gcc/arm-none-eabi/9.3.1/../../../../arm-none-eabi/lib/thumb/v7-m/nofp\libc_nano.a(lib_a-init.o)
 .ARM.attributes
                0x00000000000004a3       0x2d c:/st/stm32cubeide_1.7.0/stm32cubeide/plugins/com.st.stm32cube.ide.mcu.externaltools.gnu-tools-for-stm32.9-2020-q2-update.win32_2.0.0.202105311346/tools/bin/../lib/gcc/arm-none-eabi/9.3.1/../../../../arm-none-eabi/lib/thumb/v7-m/nofp\libc_nano.a(lib_a-malloc.o)
 .ARM.attributes
                0x00000000000004d0       0x2d c:/st/stm32cubeide_1.7.0/stm32cubeide/plugins/com.st.stm32cube.ide.mcu.externaltools.gnu-tools-for-stm32.9-2020-q2-update.win32_2.0.0.202105311346/tools/bin/../lib/gcc/arm-none-eabi/9.3.1/../../../../arm-none-eabi/lib/thumb/v7-m/nofp\libc_nano.a(lib_a-memset.o)
 .ARM.attributes
                0x00000000000004fd       0x2d c:/st/stm32cubeide_1.7.0/stm32cubeide/plugins/com.st.stm32cube.ide.mcu.externaltools.gnu-tools-for-stm32.9-2020-q2-update.win32_2.0.0.202105311346/tools/bin/../lib/gcc/arm-none-eabi/9.3.1/../../../../arm-none-eabi/lib/thumb/v7-m/nofp\libc_nano.a(lib_a-nano-freer.o)
 .ARM.attributes
                0x000000000000052a       0x2d c:/st/stm32cubeide_1.7.0/stm32cubeide/plugins/com.st.stm32cube.ide.mcu.externaltools.gnu-tools-for-stm32.9-2020-q2-update.win32_2.0.0.202105311346/tools/bin/../lib/gcc/arm-none-eabi/9.3.1/../../../../arm-none-eabi/lib/thumb/v7-m/nofp\libc_nano.a(lib_a-nano-mallocr.o)
 .ARM.attributes
                0x0000000000000557       0x2d c:/st/stm32cubeide_1.7.0/stm32cubeide/plugins/com.st.stm32cube.ide.mcu.externaltools.gnu-tools-for-stm32.9-2020-q2-update.win32_2.0.0.202105311346/tools/bin/../lib/gcc/arm-none-eabi/9.3.1/../../../../arm-none-eabi/lib/thumb/v7-m/nofp\libc_nano.a(lib_a-sbrkr.o)
 .ARM.attributes
                0x0000000000000584       0x2d c:/st/stm32cubeide_1.7.0/stm32cubeide/plugins/com.st.stm32cube.ide.mcu.externaltools.gnu-tools-for-stm32.9-2020-q2-update.win32_2.0.0.202105311346/tools/bin/../lib/gcc/arm-none-eabi/9.3.1/../../../../arm-none-eabi/lib/thumb/v7-m/nofp\libc_nano.a(lib_a-sprintf.o)
 .ARM.attributes
                0x00000000000005b1       0x2d c:/st/stm32cubeide_1.7.0/stm32cubeide/plugins/com.st.stm32cube.ide.mcu.externaltools.gnu-tools-for-stm32.9-2020-q2-update.win32_2.0.0.202105311346/tools/bin/../lib/gcc/arm-none-eabi/9.3.1/../../../../arm-none-eabi/lib/thumb/v7-m/nofp\libc_nano.a(lib_a-mlock.o)
 .ARM.attributes
                0x00000000000005de       0x2d c:/st/stm32cubeide_1.7.0/stm32cubeide/plugins/com.st.stm32cube.ide.mcu.externaltools.gnu-tools-for-stm32.9-2020-q2-update.win32_2.0.0.202105311346/tools/bin/../lib/gcc/arm-none-eabi/9.3.1/../../../../arm-none-eabi/lib/thumb/v7-m/nofp\libc_nano.a(lib_a-nano-svfprintf.o)
 .ARM.attributes
                0x000000000000060b       0x2d c:/st/stm32cubeide_1.7.0/stm32cubeide/plugins/com.st.stm32cube.ide.mcu.externaltools.gnu-tools-for-stm32.9-2020-q2-update.win32_2.0.0.202105311346/tools/bin/../lib/gcc/arm-none-eabi/9.3.1/../../../../arm-none-eabi/lib/thumb/v7-m/nofp\libc_nano.a(lib_a-nano-vfprintf_i.o)
 .ARM.attributes
                0x0000000000000638       0x2d c:/st/stm32cubeide_1.7.0/stm32cubeide/plugins/com.st.stm32cube.ide.mcu.externaltools.gnu-tools-for-stm32.9-2020-q2-update.win32_2.0.0.202105311346/tools/bin/../lib/gcc/arm-none-eabi/9.3.1/../../../../arm-none-eabi/lib/thumb/v7-m/nofp\libc_nano.a(lib_a-reent.o)
 .ARM.attributes
                0x0000000000000665       0x2d c:/st/stm32cubeide_1.7.0/stm32cubeide/plugins/com.st.stm32cube.ide.mcu.externaltools.gnu-tools-for-stm32.9-2020-q2-update.win32_2.0.0.202105311346/tools/bin/../lib/gcc/arm-none-eabi/9.3.1/../../../../arm-none-eabi/lib/thumb/v7-m/nofp\libc_nano.a(lib_a-lock.o)
 .ARM.attributes
                0x0000000000000692       0x2d c:/st/stm32cubeide_1.7.0/stm32cubeide/plugins/com.st.stm32cube.ide.mcu.externaltools.gnu-tools-for-stm32.9-2020-q2-update.win32_2.0.0.202105311346/tools/bin/../lib/gcc/arm-none-eabi/9.3.1/../../../../arm-none-eabi/lib/thumb/v7-m/nofp\libc_nano.a(lib_a-memchr-stub.o)
 .ARM.attributes
                0x00000000000006bf       0x2d c:/st/stm32cubeide_1.7.0/stm32cubeide/plugins/com.st.stm32cube.ide.mcu.externaltools.gnu-tools-for-stm32.9-2020-q2-update.win32_2.0.0.202105311346/tools/bin/../lib/gcc/arm-none-eabi/9.3.1/../../../../arm-none-eabi/lib/thumb/v7-m/nofp\libc_nano.a(lib_a-memcpy-stub.o)
 .ARM.attributes
                0x00000000000006ec       0x2d c:/st/stm32cubeide_1.7.0/stm32cubeide/plugins/com.st.stm32cube.ide.mcu.externaltools.gnu-tools-for-stm32.9-2020-q2-update.win32_2.0.0.202105311346/tools/bin/../lib/gcc/arm-none-eabi/9.3.1/../../../../arm-none-eabi/lib/thumb/v7-m/nofp\libc_nano.a(lib_a-memmove.o)
 .ARM.attributes
                0x0000000000000719       0x2d c:/st/stm32cubeide_1.7.0/stm32cubeide/plugins/com.st.stm32cube.ide.mcu.externaltools.gnu-tools-for-stm32.9-2020-q2-update.win32_2.0.0.202105311346/tools/bin/../lib/gcc/arm-none-eabi/9.3.1/../../../../arm-none-eabi/lib/thumb/v7-m/nofp\libc_nano.a(lib_a-nano-reallocr.o)
 .ARM.attributes
                0x0000000000000746       0x2d c:/st/stm32cubeide_1.7.0/stm32cubeide/plugins/com.st.stm32cube.ide.mcu.externaltools.gnu-tools-for-stm32.9-2020-q2-update.win32_2.0.0.202105311346/tools/bin/../lib/gcc/arm-none-eabi/9.3.1/../../../../arm-none-eabi/lib/thumb/v7-m/nofp\libc_nano.a(lib_a-nano-msizer.o)
 .ARM.attributes
                0x0000000000000773       0x1d c:/st/stm32cubeide_1.7.0/stm32cubeide/plugins/com.st.stm32cube.ide.mcu.externaltools.gnu-tools-for-stm32.9-2020-q2-update.win32_2.0.0.202105311346/tools/bin/../lib/gcc/arm-none-eabi/9.3.1/thumb/v7-m/nofp/crtn.o
OUTPUT(Traffic_Light.elf elf32-littlearm)
LOAD linker stubs
LOAD c:/st/stm32cubeide_1.7.0/stm32cubeide/plugins/com.st.stm32cube.ide.mcu.externaltools.gnu-tools-for-stm32.9-2020-q2-update.win32_2.0.0.202105311346/tools/bin/../lib/gcc/arm-none-eabi/9.3.1/../../../../arm-none-eabi/lib/thumb/v7-m/nofp\libc.a
LOAD c:/st/stm32cubeide_1.7.0/stm32cubeide/plugins/com.st.stm32cube.ide.mcu.externaltools.gnu-tools-for-stm32.9-2020-q2-update.win32_2.0.0.202105311346/tools/bin/../lib/gcc/arm-none-eabi/9.3.1/../../../../arm-none-eabi/lib/thumb/v7-m/nofp\libm.a
LOAD c:/st/stm32cubeide_1.7.0/stm32cubeide/plugins/com.st.stm32cube.ide.mcu.externaltools.gnu-tools-for-stm32.9-2020-q2-update.win32_2.0.0.202105311346/tools/bin/../lib/gcc/arm-none-eabi/9.3.1/thumb/v7-m/nofp\libgcc.a

.debug_info     0x0000000000000000    0x1518b
 .debug_info    0x0000000000000000     0x19a0 ./Core/Src/main.o
 .debug_info    0x00000000000019a0      0xe80 ./Core/Src/stm32f1xx_hal_msp.o
 .debug_info    0x0000000000002820      0x7de ./Core/Src/stm32f1xx_it.o
 .debug_info    0x0000000000002ffe      0xa25 ./Core/Src/sysmem.o
 .debug_info    0x0000000000003a23      0x2be ./Core/Src/system_stm32f1xx.o
 .debug_info    0x0000000000003ce1     0x136a ./Core/Src/u_fsm_pedestrian.o
 .debug_info    0x000000000000504b     0x13a3 ./Core/Src/u_fsm_traffic.o
 .debug_info    0x00000000000063ee     0x136e ./Core/Src/u_global.o
 .debug_info    0x000000000000775c      0xc1f ./Core/Src/u_i_button.o
 .debug_info    0x000000000000837b     0x1340 ./Core/Src/u_i_buzzer.o
 .debug_info    0x00000000000096bb     0x136c ./Core/Src/u_i_duration.o
 .debug_info    0x000000000000aa27     0x1402 ./Core/Src/u_i_led.o
 .debug_info    0x000000000000be29      0xbdc ./Core/Src/u_i_timer.o
 .debug_info    0x000000000000ca05      0xf5b ./Core/Src/u_i_uart.o
 .debug_info    0x000000000000d960       0x22 ./Core/Startup/startup_stm32f103rbtx.o
 .debug_info    0x000000000000d982      0x76a ./Drivers/STM32F1xx_HAL_Driver/Src/stm32f1xx_hal.o
 .debug_info    0x000000000000e0ec      0xbdc ./Drivers/STM32F1xx_HAL_Driver/Src/stm32f1xx_hal_cortex.o
 .debug_info    0x000000000000ecc8      0x701 ./Drivers/STM32F1xx_HAL_Driver/Src/stm32f1xx_hal_gpio.o
 .debug_info    0x000000000000f3c9      0x88e ./Drivers/STM32F1xx_HAL_Driver/Src/stm32f1xx_hal_rcc.o
 .debug_info    0x000000000000fc57     0x2a45 ./Drivers/STM32F1xx_HAL_Driver/Src/stm32f1xx_hal_tim.o
 .debug_info    0x000000000001269c     0x14d5 ./Drivers/STM32F1xx_HAL_Driver/Src/stm32f1xx_hal_tim_ex.o
 .debug_info    0x0000000000013b71     0x161a ./Drivers/STM32F1xx_HAL_Driver/Src/stm32f1xx_hal_uart.o

.debug_abbrev   0x0000000000000000     0x2dcf
 .debug_abbrev  0x0000000000000000      0x300 ./Core/Src/main.o
 .debug_abbrev  0x0000000000000300      0x1e4 ./Core/Src/stm32f1xx_hal_msp.o
 .debug_abbrev  0x00000000000004e4      0x176 ./Core/Src/stm32f1xx_it.o
 .debug_abbrev  0x000000000000065a      0x1bf ./Core/Src/sysmem.o
 .debug_abbrev  0x0000000000000819      0x14e ./Core/Src/system_stm32f1xx.o
 .debug_abbrev  0x0000000000000967      0x202 ./Core/Src/u_fsm_pedestrian.o
 .debug_abbrev  0x0000000000000b69      0x247 ./Core/Src/u_fsm_traffic.o
 .debug_abbrev  0x0000000000000db0      0x1fb ./Core/Src/u_global.o
 .debug_abbrev  0x0000000000000fab      0x23e ./Core/Src/u_i_button.o
 .debug_abbrev  0x00000000000011e9      0x224 ./Core/Src/u_i_buzzer.o
 .debug_abbrev  0x000000000000140d      0x25e ./Core/Src/u_i_duration.o
 .debug_abbrev  0x000000000000166b      0x217 ./Core/Src/u_i_led.o
 .debug_abbrev  0x0000000000001882      0x26d ./Core/Src/u_i_timer.o
 .debug_abbrev  0x0000000000001aef      0x224 ./Core/Src/u_i_uart.o
 .debug_abbrev  0x0000000000001d13       0x12 ./Core/Startup/startup_stm32f103rbtx.o
 .debug_abbrev  0x0000000000001d25      0x1ed ./Drivers/STM32F1xx_HAL_Driver/Src/stm32f1xx_hal.o
 .debug_abbrev  0x0000000000001f12      0x313 ./Drivers/STM32F1xx_HAL_Driver/Src/stm32f1xx_hal_cortex.o
 .debug_abbrev  0x0000000000002225      0x1e8 ./Drivers/STM32F1xx_HAL_Driver/Src/stm32f1xx_hal_gpio.o
 .debug_abbrev  0x000000000000240d      0x273 ./Drivers/STM32F1xx_HAL_Driver/Src/stm32f1xx_hal_rcc.o
 .debug_abbrev  0x0000000000002680      0x25e ./Drivers/STM32F1xx_HAL_Driver/Src/stm32f1xx_hal_tim.o
 .debug_abbrev  0x00000000000028de      0x266 ./Drivers/STM32F1xx_HAL_Driver/Src/stm32f1xx_hal_tim_ex.o
 .debug_abbrev  0x0000000000002b44      0x28b ./Drivers/STM32F1xx_HAL_Driver/Src/stm32f1xx_hal_uart.o

.debug_aranges  0x0000000000000000      0xdb0
 .debug_aranges
                0x0000000000000000       0x58 ./Core/Src/main.o
 .debug_aranges
                0x0000000000000058       0x58 ./Core/Src/stm32f1xx_hal_msp.o
 .debug_aranges
                0x00000000000000b0       0x70 ./Core/Src/stm32f1xx_it.o
 .debug_aranges
                0x0000000000000120       0x20 ./Core/Src/sysmem.o
 .debug_aranges
                0x0000000000000140       0x28 ./Core/Src/system_stm32f1xx.o
 .debug_aranges
                0x0000000000000168       0x38 ./Core/Src/u_fsm_pedestrian.o
 .debug_aranges
                0x00000000000001a0       0x58 ./Core/Src/u_fsm_traffic.o
 .debug_aranges
                0x00000000000001f8       0x20 ./Core/Src/u_global.o
 .debug_aranges
                0x0000000000000218       0x38 ./Core/Src/u_i_button.o
 .debug_aranges
                0x0000000000000250       0x38 ./Core/Src/u_i_buzzer.o
 .debug_aranges
                0x0000000000000288       0x38 ./Core/Src/u_i_duration.o
 .debug_aranges
                0x00000000000002c0       0x38 ./Core/Src/u_i_led.o
 .debug_aranges
                0x00000000000002f8       0x60 ./Core/Src/u_i_timer.o
 .debug_aranges
                0x0000000000000358       0x30 ./Core/Src/u_i_uart.o
 .debug_aranges
                0x0000000000000388       0x28 ./Core/Startup/startup_stm32f103rbtx.o
 .debug_aranges
                0x00000000000003b0       0xe0 ./Drivers/STM32F1xx_HAL_Driver/Src/stm32f1xx_hal.o
 .debug_aranges
                0x0000000000000490      0x100 ./Drivers/STM32F1xx_HAL_Driver/Src/stm32f1xx_hal_cortex.o
 .debug_aranges
                0x0000000000000590       0x58 ./Drivers/STM32F1xx_HAL_Driver/Src/stm32f1xx_hal_gpio.o
 .debug_aranges
                0x00000000000005e8       0x90 ./Drivers/STM32F1xx_HAL_Driver/Src/stm32f1xx_hal_rcc.o
 .debug_aranges
                0x0000000000000678      0x3d0 ./Drivers/STM32F1xx_HAL_Driver/Src/stm32f1xx_hal_tim.o
 .debug_aranges
                0x0000000000000a48      0x168 ./Drivers/STM32F1xx_HAL_Driver/Src/stm32f1xx_hal_tim_ex.o
 .debug_aranges
                0x0000000000000bb0      0x200 ./Drivers/STM32F1xx_HAL_Driver/Src/stm32f1xx_hal_uart.o

.debug_ranges   0x0000000000000000      0xc88
 .debug_ranges  0x0000000000000000       0x48 ./Core/Src/main.o
 .debug_ranges  0x0000000000000048       0x48 ./Core/Src/stm32f1xx_hal_msp.o
 .debug_ranges  0x0000000000000090       0x60 ./Core/Src/stm32f1xx_it.o
 .debug_ranges  0x00000000000000f0       0x10 ./Core/Src/sysmem.o
 .debug_ranges  0x0000000000000100       0x18 ./Core/Src/system_stm32f1xx.o
 .debug_ranges  0x0000000000000118       0x28 ./Core/Src/u_fsm_pedestrian.o
 .debug_ranges  0x0000000000000140       0x48 ./Core/Src/u_fsm_traffic.o
 .debug_ranges  0x0000000000000188       0x10 ./Core/Src/u_global.o
 .debug_ranges  0x0000000000000198       0x28 ./Core/Src/u_i_button.o
 .debug_ranges  0x00000000000001c0       0x28 ./Core/Src/u_i_buzzer.o
 .debug_ranges  0x00000000000001e8       0x28 ./Core/Src/u_i_duration.o
 .debug_ranges  0x0000000000000210       0x28 ./Core/Src/u_i_led.o
 .debug_ranges  0x0000000000000238       0x50 ./Core/Src/u_i_timer.o
 .debug_ranges  0x0000000000000288       0x20 ./Core/Src/u_i_uart.o
 .debug_ranges  0x00000000000002a8       0x20 ./Core/Startup/startup_stm32f103rbtx.o
 .debug_ranges  0x00000000000002c8       0xd0 ./Drivers/STM32F1xx_HAL_Driver/Src/stm32f1xx_hal.o
 .debug_ranges  0x0000000000000398       0xf0 ./Drivers/STM32F1xx_HAL_Driver/Src/stm32f1xx_hal_cortex.o
 .debug_ranges  0x0000000000000488       0x48 ./Drivers/STM32F1xx_HAL_Driver/Src/stm32f1xx_hal_gpio.o
 .debug_ranges  0x00000000000004d0       0x80 ./Drivers/STM32F1xx_HAL_Driver/Src/stm32f1xx_hal_rcc.o
 .debug_ranges  0x0000000000000550      0x3c0 ./Drivers/STM32F1xx_HAL_Driver/Src/stm32f1xx_hal_tim.o
 .debug_ranges  0x0000000000000910      0x158 ./Drivers/STM32F1xx_HAL_Driver/Src/stm32f1xx_hal_tim_ex.o
 .debug_ranges  0x0000000000000a68      0x220 ./Drivers/STM32F1xx_HAL_Driver/Src/stm32f1xx_hal_uart.o

.debug_macro    0x0000000000000000    0x19e4b
 .debug_macro   0x0000000000000000      0x3ac ./Core/Src/main.o
 .debug_macro   0x00000000000003ac      0xa9c ./Core/Src/main.o
 .debug_macro   0x0000000000000e48      0x21b ./Core/Src/main.o
 .debug_macro   0x0000000000001063       0x2e ./Core/Src/main.o
 .debug_macro   0x0000000000001091       0x22 ./Core/Src/main.o
 .debug_macro   0x00000000000010b3       0x22 ./Core/Src/main.o
 .debug_macro   0x00000000000010d5       0x8e ./Core/Src/main.o
 .debug_macro   0x0000000000001163       0x51 ./Core/Src/main.o
 .debug_macro   0x00000000000011b4      0x103 ./Core/Src/main.o
 .debug_macro   0x00000000000012b7       0x6a ./Core/Src/main.o
 .debug_macro   0x0000000000001321      0x1df ./Core/Src/main.o
 .debug_macro   0x0000000000001500       0x1c ./Core/Src/main.o
 .debug_macro   0x000000000000151c       0x22 ./Core/Src/main.o
 .debug_macro   0x000000000000153e       0xc3 ./Core/Src/main.o
 .debug_macro   0x0000000000001601      0xd23 ./Core/Src/main.o
 .debug_macro   0x0000000000002324     0xe09e ./Core/Src/main.o
 .debug_macro   0x00000000000103c2       0x6d ./Core/Src/main.o
 .debug_macro   0x000000000001042f     0x3468 ./Core/Src/main.o
 .debug_macro   0x0000000000013897      0x174 ./Core/Src/main.o
 .debug_macro   0x0000000000013a0b       0x5c ./Core/Src/main.o
 .debug_macro   0x0000000000013a67      0x5be ./Core/Src/main.o
 .debug_macro   0x0000000000014025      0x289 ./Core/Src/main.o
 .debug_macro   0x00000000000142ae      0x1cb ./Core/Src/main.o
 .debug_macro   0x0000000000014479      0x114 ./Core/Src/main.o
 .debug_macro   0x000000000001458d      0x1b2 ./Core/Src/main.o
 .debug_macro   0x000000000001473f       0x27 ./Core/Src/main.o
 .debug_macro   0x0000000000014766      0x136 ./Core/Src/main.o
 .debug_macro   0x000000000001489c      0x1bc ./Core/Src/main.o
 .debug_macro   0x0000000000014a58       0x34 ./Core/Src/main.o
 .debug_macro   0x0000000000014a8c       0x3c ./Core/Src/main.o
 .debug_macro   0x0000000000014ac8       0x57 ./Core/Src/main.o
 .debug_macro   0x0000000000014b1f       0x88 ./Core/Src/main.o
 .debug_macro   0x0000000000014ba7      0x241 ./Core/Src/main.o
 .debug_macro   0x0000000000014de8      0x141 ./Core/Src/main.o
 .debug_macro   0x0000000000014f29      0x8d1 ./Core/Src/main.o
 .debug_macro   0x00000000000157fa      0x279 ./Core/Src/main.o
 .debug_macro   0x0000000000015a73       0x83 ./Core/Src/main.o
 .debug_macro   0x0000000000015af6       0xd6 ./Core/Src/main.o
 .debug_macro   0x0000000000015bcc       0x28 ./Core/Src/main.o
 .debug_macro   0x0000000000015bf4       0x34 ./Core/Src/main.o
 .debug_macro   0x0000000000015c28       0x18 ./Core/Src/main.o
 .debug_macro   0x0000000000015c40       0x52 ./Core/Src/main.o
 .debug_macro   0x0000000000015c92       0x3c ./Core/Src/main.o
 .debug_macro   0x0000000000015cce       0x34 ./Core/Src/main.o
 .debug_macro   0x0000000000015d02       0x16 ./Core/Src/main.o
 .debug_macro   0x0000000000015d18       0x35 ./Core/Src/main.o
 .debug_macro   0x0000000000015d4d       0x16 ./Core/Src/main.o
 .debug_macro   0x0000000000015d63       0x43 ./Core/Src/main.o
 .debug_macro   0x0000000000015da6       0x34 ./Core/Src/main.o
 .debug_macro   0x0000000000015dda       0x10 ./Core/Src/main.o
 .debug_macro   0x0000000000015dea       0x58 ./Core/Src/main.o
 .debug_macro   0x0000000000015e42       0x71 ./Core/Src/main.o
 .debug_macro   0x0000000000015eb3       0x1c ./Core/Src/main.o
 .debug_macro   0x0000000000015ecf      0x12a ./Core/Src/main.o
 .debug_macro   0x0000000000015ff9      0x333 ./Core/Src/main.o
 .debug_macro   0x000000000001632c       0x16 ./Core/Src/main.o
 .debug_macro   0x0000000000016342       0x29 ./Core/Src/main.o
 .debug_macro   0x000000000001636b       0x34 ./Core/Src/main.o
 .debug_macro   0x000000000001639f       0x22 ./Core/Src/main.o
 .debug_macro   0x00000000000163c1       0x1c ./Core/Src/main.o
 .debug_macro   0x00000000000163dd       0x10 ./Core/Src/main.o
 .debug_macro   0x00000000000163ed       0x10 ./Core/Src/main.o
 .debug_macro   0x00000000000163fd       0x1c ./Core/Src/main.o
 .debug_macro   0x0000000000016419       0x52 ./Core/Src/main.o
 .debug_macro   0x000000000001646b       0x22 ./Core/Src/main.o
 .debug_macro   0x000000000001648d       0x10 ./Core/Src/main.o
 .debug_macro   0x000000000001649d       0x40 ./Core/Src/main.o
 .debug_macro   0x00000000000164dd       0xd5 ./Core/Src/main.o
 .debug_macro   0x00000000000165b2       0x1c ./Core/Src/main.o
 .debug_macro   0x00000000000165ce       0x3d ./Core/Src/main.o
 .debug_macro   0x000000000001660b       0x16 ./Core/Src/main.o
 .debug_macro   0x0000000000016621      0x145 ./Core/Src/main.o
 .debug_macro   0x0000000000016766       0x2e ./Core/Src/main.o
 .debug_macro   0x0000000000016794       0x7c ./Core/Src/main.o
 .debug_macro   0x0000000000016810       0x22 ./Core/Src/main.o
 .debug_macro   0x0000000000016832      0x1b2 ./Core/Src/stm32f1xx_hal_msp.o
 .debug_macro   0x00000000000169e4      0x1bc ./Core/Src/stm32f1xx_it.o
 .debug_macro   0x0000000000016ba0       0xff ./Core/Src/sysmem.o
 .debug_macro   0x0000000000016c9f      0x23b ./Core/Src/sysmem.o
 .debug_macro   0x0000000000016eda      0x1a3 ./Core/Src/system_stm32f1xx.o
 .debug_macro   0x000000000001707d      0x39b ./Core/Src/u_fsm_pedestrian.o
 .debug_macro   0x0000000000017418       0x1c ./Core/Src/u_fsm_pedestrian.o
 .debug_macro   0x0000000000017434      0x39b ./Core/Src/u_fsm_traffic.o
 .debug_macro   0x00000000000177cf       0x76 ./Core/Src/u_fsm_traffic.o
 .debug_macro   0x0000000000017845      0x38c ./Core/Src/u_global.o
 .debug_macro   0x0000000000017bd1      0x2a8 ./Core/Src/u_i_button.o
 .debug_macro   0x0000000000017e79      0x390 ./Core/Src/u_i_buzzer.o
 .debug_macro   0x0000000000018209      0x396 ./Core/Src/u_i_duration.o
 .debug_macro   0x000000000001859f       0x1c ./Core/Src/u_i_duration.o
 .debug_macro   0x00000000000185bb      0x39a ./Core/Src/u_i_led.o
 .debug_macro   0x0000000000018955       0x2e ./Core/Src/u_i_led.o
 .debug_macro   0x0000000000018983      0x143 ./Core/Src/u_i_timer.o
 .debug_macro   0x0000000000018ac6      0x10e ./Core/Src/u_i_timer.o
 .debug_macro   0x0000000000018bd4       0x8d ./Core/Src/u_i_timer.o
 .debug_macro   0x0000000000018c61      0x315 ./Core/Src/u_i_uart.o
 .debug_macro   0x0000000000018f76       0x16 ./Core/Src/u_i_uart.o
 .debug_macro   0x0000000000018f8c       0x97 ./Core/Src/u_i_uart.o
 .debug_macro   0x0000000000019023       0xfd ./Core/Src/u_i_uart.o
 .debug_macro   0x0000000000019120       0xbd ./Core/Src/u_i_uart.o
 .debug_macro   0x00000000000191dd       0x56 ./Core/Src/u_i_uart.o
 .debug_macro   0x0000000000019233      0x1c7 ./Drivers/STM32F1xx_HAL_Driver/Src/stm32f1xx_hal.o
 .debug_macro   0x00000000000193fa      0x1a3 ./Drivers/STM32F1xx_HAL_Driver/Src/stm32f1xx_hal_cortex.o
 .debug_macro   0x000000000001959d      0x20e ./Drivers/STM32F1xx_HAL_Driver/Src/stm32f1xx_hal_gpio.o
 .debug_macro   0x00000000000197ab      0x1b5 ./Drivers/STM32F1xx_HAL_Driver/Src/stm32f1xx_hal_rcc.o
 .debug_macro   0x0000000000019960      0x1a4 ./Drivers/STM32F1xx_HAL_Driver/Src/stm32f1xx_hal_tim.o
 .debug_macro   0x0000000000019b04      0x1a3 ./Drivers/STM32F1xx_HAL_Driver/Src/stm32f1xx_hal_tim_ex.o
 .debug_macro   0x0000000000019ca7      0x1a4 ./Drivers/STM32F1xx_HAL_Driver/Src/stm32f1xx_hal_uart.o

.debug_line     0x0000000000000000    0x10a83
 .debug_line    0x0000000000000000      0xaf9 ./Core/Src/main.o
 .debug_line    0x0000000000000af9      0x765 ./Core/Src/stm32f1xx_hal_msp.o
 .debug_line    0x000000000000125e      0x76f ./Core/Src/stm32f1xx_it.o
 .debug_line    0x00000000000019cd      0x4f8 ./Core/Src/sysmem.o
 .debug_line    0x0000000000001ec5      0x6fb ./Core/Src/system_stm32f1xx.o
 .debug_line    0x00000000000025c0      0xa02 ./Core/Src/u_fsm_pedestrian.o
 .debug_line    0x0000000000002fc2      0xbec ./Core/Src/u_fsm_traffic.o
 .debug_line    0x0000000000003bae      0x8ed ./Core/Src/u_global.o
 .debug_line    0x000000000000449b      0x8df ./Core/Src/u_i_button.o
 .debug_line    0x0000000000004d7a      0x93c ./Core/Src/u_i_buzzer.o
 .debug_line    0x00000000000056b6      0x99e ./Core/Src/u_i_duration.o
 .debug_line    0x0000000000006054      0x99a ./Core/Src/u_i_led.o
 .debug_line    0x00000000000069ee      0x728 ./Core/Src/u_i_timer.o
 .debug_line    0x0000000000007116      0x895 ./Core/Src/u_i_uart.o
 .debug_line    0x00000000000079ab       0x87 ./Core/Startup/startup_stm32f103rbtx.o
 .debug_line    0x0000000000007a32      0x928 ./Drivers/STM32F1xx_HAL_Driver/Src/stm32f1xx_hal.o
 .debug_line    0x000000000000835a      0xb10 ./Drivers/STM32F1xx_HAL_Driver/Src/stm32f1xx_hal_cortex.o
 .debug_line    0x0000000000008e6a      0x9bf ./Drivers/STM32F1xx_HAL_Driver/Src/stm32f1xx_hal_gpio.o
 .debug_line    0x0000000000009829      0xd36 ./Drivers/STM32F1xx_HAL_Driver/Src/stm32f1xx_hal_rcc.o
 .debug_line    0x000000000000a55f     0x32d1 ./Drivers/STM32F1xx_HAL_Driver/Src/stm32f1xx_hal_tim.o
 .debug_line    0x000000000000d830     0x1850 ./Drivers/STM32F1xx_HAL_Driver/Src/stm32f1xx_hal_tim_ex.o
 .debug_line    0x000000000000f080     0x1a03 ./Drivers/STM32F1xx_HAL_Driver/Src/stm32f1xx_hal_uart.o

.debug_str      0x0000000000000000    0x8b44f
 .debug_str     0x0000000000000000    0x8845e ./Core/Src/main.o
                                      0x889ad (size before relaxing)
 .debug_str     0x000000000008845e      0x101 ./Core/Src/stm32f1xx_hal_msp.o
                                      0x841f1 (size before relaxing)
 .debug_str     0x000000000008855f       0xe2 ./Core/Src/stm32f1xx_it.o
                                      0x83ca0 (size before relaxing)
 .debug_str     0x0000000000088641      0x4e9 ./Core/Src/sysmem.o
                                       0x626a (size before relaxing)
 .debug_str     0x0000000000088b2a       0x52 ./Core/Src/system_stm32f1xx.o
                                      0x83461 (size before relaxing)
 .debug_str     0x0000000000088b7c       0xa8 ./Core/Src/u_fsm_pedestrian.o
                                      0x882c7 (size before relaxing)
 .debug_str     0x0000000000088c24       0xca ./Core/Src/u_fsm_traffic.o
                                      0x883af (size before relaxing)
 .debug_str     0x0000000000088cee       0x30 ./Core/Src/u_global.o
                                      0x88202 (size before relaxing)
 .debug_str     0x0000000000088d1e       0xf1 ./Core/Src/u_i_button.o
                                      0x86b66 (size before relaxing)
 .debug_str     0x0000000000088e0f       0x67 ./Core/Src/u_i_buzzer.o
                                      0x88239 (size before relaxing)
 .debug_str     0x0000000000088e76       0x6b ./Core/Src/u_i_duration.o
                                      0x88243 (size before relaxing)
 .debug_str     0x0000000000088ee1       0x5d ./Core/Src/u_i_led.o
                                      0x8826b (size before relaxing)
 .debug_str     0x0000000000088f3e      0x108 ./Core/Src/u_i_timer.o
                                       0x740c (size before relaxing)
 .debug_str     0x0000000000089046       0x3d ./Core/Src/u_i_uart.o
                                      0x87bdb (size before relaxing)
 .debug_str     0x0000000000089083       0x36 ./Core/Startup/startup_stm32f103rbtx.o
                                         0x7e (size before relaxing)
 .debug_str     0x00000000000890b9      0x304 ./Drivers/STM32F1xx_HAL_Driver/Src/stm32f1xx_hal.o
                                      0x83af2 (size before relaxing)
 .debug_str     0x00000000000893bd      0x300 ./Drivers/STM32F1xx_HAL_Driver/Src/stm32f1xx_hal_cortex.o
                                      0x83afa (size before relaxing)
 .debug_str     0x00000000000896bd      0x324 ./Drivers/STM32F1xx_HAL_Driver/Src/stm32f1xx_hal_gpio.o
                                      0x83825 (size before relaxing)
 .debug_str     0x00000000000899e1      0x24f ./Drivers/STM32F1xx_HAL_Driver/Src/stm32f1xx_hal_rcc.o
                                      0x8385e (size before relaxing)
 .debug_str     0x0000000000089c30      0xd49 ./Drivers/STM32F1xx_HAL_Driver/Src/stm32f1xx_hal_tim.o
                                      0x84830 (size before relaxing)
 .debug_str     0x000000000008a979      0x4ee ./Drivers/STM32F1xx_HAL_Driver/Src/stm32f1xx_hal_tim_ex.o
                                      0x83fe1 (size before relaxing)
 .debug_str     0x000000000008ae67      0x5e8 ./Drivers/STM32F1xx_HAL_Driver/Src/stm32f1xx_hal_uart.o
                                      0x83e50 (size before relaxing)

.comment        0x0000000000000000       0x53
 .comment       0x0000000000000000       0x53 ./Core/Src/main.o
                                         0x54 (size before relaxing)
 .comment       0x0000000000000053       0x54 ./Core/Src/stm32f1xx_hal_msp.o
 .comment       0x0000000000000053       0x54 ./Core/Src/stm32f1xx_it.o
 .comment       0x0000000000000053       0x54 ./Core/Src/sysmem.o
 .comment       0x0000000000000053       0x54 ./Core/Src/system_stm32f1xx.o
 .comment       0x0000000000000053       0x54 ./Core/Src/u_fsm_pedestrian.o
 .comment       0x0000000000000053       0x54 ./Core/Src/u_fsm_traffic.o
 .comment       0x0000000000000053       0x54 ./Core/Src/u_global.o
 .comment       0x0000000000000053       0x54 ./Core/Src/u_i_button.o
 .comment       0x0000000000000053       0x54 ./Core/Src/u_i_buzzer.o
 .comment       0x0000000000000053       0x54 ./Core/Src/u_i_duration.o
 .comment       0x0000000000000053       0x54 ./Core/Src/u_i_led.o
 .comment       0x0000000000000053       0x54 ./Core/Src/u_i_timer.o
 .comment       0x0000000000000053       0x54 ./Core/Src/u_i_uart.o
 .comment       0x0000000000000053       0x54 ./Drivers/STM32F1xx_HAL_Driver/Src/stm32f1xx_hal.o
 .comment       0x0000000000000053       0x54 ./Drivers/STM32F1xx_HAL_Driver/Src/stm32f1xx_hal_cortex.o
 .comment       0x0000000000000053       0x54 ./Drivers/STM32F1xx_HAL_Driver/Src/stm32f1xx_hal_gpio.o
 .comment       0x0000000000000053       0x54 ./Drivers/STM32F1xx_HAL_Driver/Src/stm32f1xx_hal_rcc.o
 .comment       0x0000000000000053       0x54 ./Drivers/STM32F1xx_HAL_Driver/Src/stm32f1xx_hal_tim.o
 .comment       0x0000000000000053       0x54 ./Drivers/STM32F1xx_HAL_Driver/Src/stm32f1xx_hal_tim_ex.o
 .comment       0x0000000000000053       0x54 ./Drivers/STM32F1xx_HAL_Driver/Src/stm32f1xx_hal_uart.o

.debug_frame    0x0000000000000000     0x3a68
 .debug_frame   0x0000000000000000      0x114 ./Core/Src/main.o
 .debug_frame   0x0000000000000114      0x13c ./Core/Src/stm32f1xx_hal_msp.o
 .debug_frame   0x0000000000000250      0x13c ./Core/Src/stm32f1xx_it.o
 .debug_frame   0x000000000000038c       0x34 ./Core/Src/sysmem.o
 .debug_frame   0x00000000000003c0       0x58 ./Core/Src/system_stm32f1xx.o
 .debug_frame   0x0000000000000418       0x84 ./Core/Src/u_fsm_pedestrian.o
 .debug_frame   0x000000000000049c      0x100 ./Core/Src/u_fsm_traffic.o
 .debug_frame   0x000000000000059c       0x30 ./Core/Src/u_global.o
 .debug_frame   0x00000000000005cc       0xac ./Core/Src/u_i_button.o
 .debug_frame   0x0000000000000678       0x8c ./Core/Src/u_i_buzzer.o
 .debug_frame   0x0000000000000704       0x9c ./Core/Src/u_i_duration.o
 .debug_frame   0x00000000000007a0       0x98 ./Core/Src/u_i_led.o
 .debug_frame   0x0000000000000838      0x158 ./Core/Src/u_i_timer.o
 .debug_frame   0x0000000000000990       0x74 ./Core/Src/u_i_uart.o
 .debug_frame   0x0000000000000a04      0x334 ./Drivers/STM32F1xx_HAL_Driver/Src/stm32f1xx_hal.o
 .debug_frame   0x0000000000000d38      0x428 ./Drivers/STM32F1xx_HAL_Driver/Src/stm32f1xx_hal_cortex.o
 .debug_frame   0x0000000000001160      0x14c ./Drivers/STM32F1xx_HAL_Driver/Src/stm32f1xx_hal_gpio.o
 .debug_frame   0x00000000000012ac      0x21c ./Drivers/STM32F1xx_HAL_Driver/Src/stm32f1xx_hal_rcc.o
 .debug_frame   0x00000000000014c8     0x11b8 ./Drivers/STM32F1xx_HAL_Driver/Src/stm32f1xx_hal_tim.o
 .debug_frame   0x0000000000002680      0x638 ./Drivers/STM32F1xx_HAL_Driver/Src/stm32f1xx_hal_tim_ex.o
 .debug_frame   0x0000000000002cb8      0x914 ./Drivers/STM32F1xx_HAL_Driver/Src/stm32f1xx_hal_uart.o
 .debug_frame   0x00000000000035cc       0x20 c:/st/stm32cubeide_1.7.0/stm32cubeide/plugins/com.st.stm32cube.ide.mcu.externaltools.gnu-tools-for-stm32.9-2020-q2-update.win32_2.0.0.202105311346/tools/bin/../lib/gcc/arm-none-eabi/9.3.1/../../../../arm-none-eabi/lib/thumb/v7-m/nofp\libc_nano.a(lib_a-errno.o)
 .debug_frame   0x00000000000035ec       0x2c c:/st/stm32cubeide_1.7.0/stm32cubeide/plugins/com.st.stm32cube.ide.mcu.externaltools.gnu-tools-for-stm32.9-2020-q2-update.win32_2.0.0.202105311346/tools/bin/../lib/gcc/arm-none-eabi/9.3.1/../../../../arm-none-eabi/lib/thumb/v7-m/nofp\libc_nano.a(lib_a-init.o)
 .debug_frame   0x0000000000003618       0x30 c:/st/stm32cubeide_1.7.0/stm32cubeide/plugins/com.st.stm32cube.ide.mcu.externaltools.gnu-tools-for-stm32.9-2020-q2-update.win32_2.0.0.202105311346/tools/bin/../lib/gcc/arm-none-eabi/9.3.1/../../../../arm-none-eabi/lib/thumb/v7-m/nofp\libc_nano.a(lib_a-malloc.o)
 .debug_frame   0x0000000000003648       0x20 c:/st/stm32cubeide_1.7.0/stm32cubeide/plugins/com.st.stm32cube.ide.mcu.externaltools.gnu-tools-for-stm32.9-2020-q2-update.win32_2.0.0.202105311346/tools/bin/../lib/gcc/arm-none-eabi/9.3.1/../../../../arm-none-eabi/lib/thumb/v7-m/nofp\libc_nano.a(lib_a-memset.o)
 .debug_frame   0x0000000000003668       0x38 c:/st/stm32cubeide_1.7.0/stm32cubeide/plugins/com.st.stm32cube.ide.mcu.externaltools.gnu-tools-for-stm32.9-2020-q2-update.win32_2.0.0.202105311346/tools/bin/../lib/gcc/arm-none-eabi/9.3.1/../../../../arm-none-eabi/lib/thumb/v7-m/nofp\libc_nano.a(lib_a-nano-freer.o)
 .debug_frame   0x00000000000036a0       0x30 c:/st/stm32cubeide_1.7.0/stm32cubeide/plugins/com.st.stm32cube.ide.mcu.externaltools.gnu-tools-for-stm32.9-2020-q2-update.win32_2.0.0.202105311346/tools/bin/../lib/gcc/arm-none-eabi/9.3.1/../../../../arm-none-eabi/lib/thumb/v7-m/nofp\libc_nano.a(lib_a-nano-mallocr.o)
 .debug_frame   0x00000000000036d0       0x2c c:/st/stm32cubeide_1.7.0/stm32cubeide/plugins/com.st.stm32cube.ide.mcu.externaltools.gnu-tools-for-stm32.9-2020-q2-update.win32_2.0.0.202105311346/tools/bin/../lib/gcc/arm-none-eabi/9.3.1/../../../../arm-none-eabi/lib/thumb/v7-m/nofp\libc_nano.a(lib_a-sbrkr.o)
 .debug_frame   0x00000000000036fc       0x6c c:/st/stm32cubeide_1.7.0/stm32cubeide/plugins/com.st.stm32cube.ide.mcu.externaltools.gnu-tools-for-stm32.9-2020-q2-update.win32_2.0.0.202105311346/tools/bin/../lib/gcc/arm-none-eabi/9.3.1/../../../../arm-none-eabi/lib/thumb/v7-m/nofp\libc_nano.a(lib_a-sprintf.o)
 .debug_frame   0x0000000000003768       0x30 c:/st/stm32cubeide_1.7.0/stm32cubeide/plugins/com.st.stm32cube.ide.mcu.externaltools.gnu-tools-for-stm32.9-2020-q2-update.win32_2.0.0.202105311346/tools/bin/../lib/gcc/arm-none-eabi/9.3.1/../../../../arm-none-eabi/lib/thumb/v7-m/nofp\libc_nano.a(lib_a-mlock.o)
 .debug_frame   0x0000000000003798       0x90 c:/st/stm32cubeide_1.7.0/stm32cubeide/plugins/com.st.stm32cube.ide.mcu.externaltools.gnu-tools-for-stm32.9-2020-q2-update.win32_2.0.0.202105311346/tools/bin/../lib/gcc/arm-none-eabi/9.3.1/../../../../arm-none-eabi/lib/thumb/v7-m/nofp\libc_nano.a(lib_a-nano-svfprintf.o)
 .debug_frame   0x0000000000003828       0x60 c:/st/stm32cubeide_1.7.0/stm32cubeide/plugins/com.st.stm32cube.ide.mcu.externaltools.gnu-tools-for-stm32.9-2020-q2-update.win32_2.0.0.202105311346/tools/bin/../lib/gcc/arm-none-eabi/9.3.1/../../../../arm-none-eabi/lib/thumb/v7-m/nofp\libc_nano.a(lib_a-nano-vfprintf_i.o)
 .debug_frame   0x0000000000003888       0x5c c:/st/stm32cubeide_1.7.0/stm32cubeide/plugins/com.st.stm32cube.ide.mcu.externaltools.gnu-tools-for-stm32.9-2020-q2-update.win32_2.0.0.202105311346/tools/bin/../lib/gcc/arm-none-eabi/9.3.1/../../../../arm-none-eabi/lib/thumb/v7-m/nofp\libc_nano.a(lib_a-reent.o)
 .debug_frame   0x00000000000038e4       0xb0 c:/st/stm32cubeide_1.7.0/stm32cubeide/plugins/com.st.stm32cube.ide.mcu.externaltools.gnu-tools-for-stm32.9-2020-q2-update.win32_2.0.0.202105311346/tools/bin/../lib/gcc/arm-none-eabi/9.3.1/../../../../arm-none-eabi/lib/thumb/v7-m/nofp\libc_nano.a(lib_a-lock.o)
 .debug_frame   0x0000000000003994       0x28 c:/st/stm32cubeide_1.7.0/stm32cubeide/plugins/com.st.stm32cube.ide.mcu.externaltools.gnu-tools-for-stm32.9-2020-q2-update.win32_2.0.0.202105311346/tools/bin/../lib/gcc/arm-none-eabi/9.3.1/../../../../arm-none-eabi/lib/thumb/v7-m/nofp\libc_nano.a(lib_a-memchr-stub.o)
 .debug_frame   0x00000000000039bc       0x28 c:/st/stm32cubeide_1.7.0/stm32cubeide/plugins/com.st.stm32cube.ide.mcu.externaltools.gnu-tools-for-stm32.9-2020-q2-update.win32_2.0.0.202105311346/tools/bin/../lib/gcc/arm-none-eabi/9.3.1/../../../../arm-none-eabi/lib/thumb/v7-m/nofp\libc_nano.a(lib_a-memcpy-stub.o)
 .debug_frame   0x00000000000039e4       0x28 c:/st/stm32cubeide_1.7.0/stm32cubeide/plugins/com.st.stm32cube.ide.mcu.externaltools.gnu-tools-for-stm32.9-2020-q2-update.win32_2.0.0.202105311346/tools/bin/../lib/gcc/arm-none-eabi/9.3.1/../../../../arm-none-eabi/lib/thumb/v7-m/nofp\libc_nano.a(lib_a-memmove.o)
 .debug_frame   0x0000000000003a0c       0x3c c:/st/stm32cubeide_1.7.0/stm32cubeide/plugins/com.st.stm32cube.ide.mcu.externaltools.gnu-tools-for-stm32.9-2020-q2-update.win32_2.0.0.202105311346/tools/bin/../lib/gcc/arm-none-eabi/9.3.1/../../../../arm-none-eabi/lib/thumb/v7-m/nofp\libc_nano.a(lib_a-nano-reallocr.o)
 .debug_frame   0x0000000000003a48       0x20 c:/st/stm32cubeide_1.7.0/stm32cubeide/plugins/com.st.stm32cube.ide.mcu.externaltools.gnu-tools-for-stm32.9-2020-q2-update.win32_2.0.0.202105311346/tools/bin/../lib/gcc/arm-none-eabi/9.3.1/../../../../arm-none-eabi/lib/thumb/v7-m/nofp\libc_nano.a(lib_a-nano-msizer.o)